<html>
<body>
<pre>
<h1>礦ision Build Log</h1>
<h2>Tool Versions:</h2>
IDE-Version: μVision V5.18.0.0
Copyright (C) 2016 ARM Ltd and ARM Germany GmbH. All rights reserved.
License Information: 1 admin, 1, LIC=ATTFW-QRRCC-LCMJF-6A08X-RY7SI-NNV50
 
Tool Versions:
Toolchain:       MDK-ARM Standard  Version: 5.18
Toolchain Path:  D:\Keil_v5\ARM\ARMCC\Bin
C Compiler:      Armcc.exe V5.06 update 1 (build 61)
Assembler:       Armasm.exe V5.06 update 1 (build 61)
Linker/Locator:  ArmLink.exe V5.06 update 1 (build 61)
Library Manager: ArmAr.exe V5.06 update 1 (build 61)
Hex Converter:   FromElf.exe V5.06 update 1 (build 61)
CPU DLL:         SARMCM3.DLL V5.18
Dialog DLL:      DCM.DLL V1.13.6.0
Target DLL:      CMSIS_AGDI.dll V1.25.7.0
Dialog DLL:      TCM.DLL V1.14.8.0
 
<h2>Project:</h2>
G:\嵌入式系统设计作业\嵌入式实验\keil工程\project\jiandan-std\jiandan.uvprojx
Project File Date:  12/29/2018

<h2>Output:</h2>
*** Using Compiler 'V5.06 update 1 (build 61)', folder: 'D:\Keil_v5\ARM\ARMCC\Bin'
Rebuild target 'Target 1'
assembling startup_stm32f10x_hd.s...
compiling stm32f10x_crc.c...
compiling system_stm32f10x.c...
compiling stm32f10x_adc.c...
compiling stm32f10x_cec.c...
compiling stm32f10x_can.c...
compiling stm32f10x_bkp.c...
compiling misc.c...
compiling core_cm3.c...
compiling stm32f10x_it.c...
compiling main.c...
main.c(54): warning:  #223-D: function "SysTick_Init" declared implicitly
  	SysTick_Init();
main.c: 1 warning, 0 errors
compiling stm32f10x_dac.c...
compiling stm32f10x_dbgmcu.c...
compiling stm32f10x_exti.c...
compiling stm32f10x_iwdg.c...
compiling stm32f10x_dma.c...
compiling stm32f10x_rtc.c...
compiling stm32f10x_gpio.c...
compiling stm32f10x_fsmc.c...
compiling stm32f10x_i2c.c...
compiling stm32f10x_pwr.c...
compiling stm32f10x_flash.c...
compiling stm32f10x_rcc.c...
compiling stm32f10x_sdio.c...
assembling os_cpu_a.asm...
compiling stm32f10x_spi.c...
compiling os_dbg.c...
compiling os_cpu_c.c...
compiling app_hooks.c...
compiling os_core.c...
compiling os_flag.c...
compiling stm32f10x_wwdg.c...
compiling os_mem.c...
compiling bsp_led.c...
compiling os_mbox.c...
compiling stm32f10x_usart.c...
compiling stm32f10x_tim.c...
compiling os_mutex.c...
compiling os_sem.c...
compiling os_q.c...
compiling os_time.c...
compiling os_task.c...
compiling os_tmr.c...
linking...
Program Size: Code=8908 RO-data=708 RW-data=156 ZI-data=11844  
".\Objects\jiandan.axf" - 0 Error(s), 1 Warning(s).

<h2>Collection of Component include folders:</h2>
  G:\嵌入式系统设计作业\嵌入式实验\keil工程\project\jiandan-std\RTE
  D:\Keil_v5\ARM\PACK\Keil\STM32F1xx_DFP\2.0.0\Device\Include

<h2>Collection of Component Files used:</h2>
Build Time Elapsed:  00:00:04
</pre>
</body>
</html>
