Component: ARM Compiler 5.06 update 1 (build 61) Tool: armlink [4d35a8]

==============================================================================

Section Cross References

    main.o(i.led0_task) refers to os_mutex.o(i.OSMutexPend) for OSMutexPend
    main.o(i.led0_task) refers to stm32f10x_gpio.o(i.GPIO_ResetBits) for GPIO_ResetBits
    main.o(i.led0_task) refers to stm32f10x_gpio.o(i.GPIO_SetBits) for GPIO_SetBits
    main.o(i.led0_task) refers to os_mutex.o(i.OSMutexPost) for OSMutexPost
    main.o(i.led0_task) refers to os_time.o(i.OSTimeDlyHMSM) for OSTimeDlyHMSM
    main.o(i.led0_task) refers to os_task.o(i.OSTaskSuspend) for OSTaskSuspend
    main.o(i.led0_task) refers to main.o(.data) for err
    main.o(i.led1_task) refers to stm32f10x_gpio.o(i.GPIO_ResetBits) for GPIO_ResetBits
    main.o(i.led1_task) refers to stm32f10x_gpio.o(i.GPIO_SetBits) for GPIO_SetBits
    main.o(i.led1_task) refers to os_time.o(i.OSTimeDlyHMSM) for OSTimeDlyHMSM
    main.o(i.led2_task) refers to os_mutex.o(i.OSMutexPend) for OSMutexPend
    main.o(i.led2_task) refers to stm32f10x_gpio.o(i.GPIO_ResetBits) for GPIO_ResetBits
    main.o(i.led2_task) refers to stm32f10x_gpio.o(i.GPIO_SetBits) for GPIO_SetBits
    main.o(i.led2_task) refers to os_time.o(i.OSTimeDlyHMSM) for OSTimeDlyHMSM
    main.o(i.led2_task) refers to os_mutex.o(i.OSMutexPost) for OSMutexPost
    main.o(i.led2_task) refers to os_task.o(i.OSTaskSuspend) for OSTaskSuspend
    main.o(i.led2_task) refers to main.o(.data) for err
    main.o(i.main) refers to bsp_led.o(i.LED_GPIO_Config) for LED_GPIO_Config
    main.o(i.main) refers to os_core.o(i.OSInit) for OSInit
    main.o(i.main) refers to stm32f10x_it.o(i.SysTick_Init) for SysTick_Init
    main.o(i.main) refers to os_mutex.o(i.OSMutexCreate) for OSMutexCreate
    main.o(i.main) refers to os_task.o(i.OSTaskCreate) for OSTaskCreate
    main.o(i.main) refers to os_core.o(i.OSStart) for OSStart
    main.o(i.main) refers to main.o(.data) for err
    main.o(i.main) refers to main.o(.bss) for LED0_TASK_STK
    main.o(i.main) refers to main.o(i.led0_task) for led0_task
    main.o(i.main) refers to main.o(i.led1_task) for led1_task
    main.o(i.main) refers to main.o(i.led2_task) for led2_task
    system_stm32f10x.o(i.SetSysClock) refers to system_stm32f10x.o(i.SetSysClockTo72) for SetSysClockTo72
    system_stm32f10x.o(i.SystemCoreClockUpdate) refers to system_stm32f10x.o(.data) for SystemCoreClock
    system_stm32f10x.o(i.SystemInit) refers to system_stm32f10x.o(i.SetSysClock) for SetSysClock
    stm32f10x_it.o(i.SysTick_Handler) refers to os_core.o(i.OSIntEnter) for OSIntEnter
    stm32f10x_it.o(i.SysTick_Handler) refers to os_core.o(i.OSTimeTick) for OSTimeTick
    stm32f10x_it.o(i.SysTick_Handler) refers to os_core.o(i.OSIntExit) for OSIntExit
    stm32f10x_it.o(i.SysTick_Handler) refers to os_core.o(.data) for OSRunning
    stm32f10x_it.o(i.SysTick_Init) refers to stm32f10x_rcc.o(i.RCC_GetClocksFreq) for RCC_GetClocksFreq
    stm32f10x_it.o(i.SysTick_Init) refers to stm32f10x_it.o(.data) for usTicks
    stm32f10x_it.o(i.SysTick_Init) refers to system_stm32f10x.o(.data) for SystemCoreClock
    startup_stm32f10x_hd.o(STACK) refers (Special) to heapauxi.o(.text) for __use_two_region_memory
    startup_stm32f10x_hd.o(HEAP) refers (Special) to heapauxi.o(.text) for __use_two_region_memory
    startup_stm32f10x_hd.o(RESET) refers (Special) to heapauxi.o(.text) for __use_two_region_memory
    startup_stm32f10x_hd.o(RESET) refers to startup_stm32f10x_hd.o(STACK) for __initial_sp
    startup_stm32f10x_hd.o(RESET) refers to startup_stm32f10x_hd.o(.text) for Reset_Handler
    startup_stm32f10x_hd.o(RESET) refers to stm32f10x_it.o(i.NMI_Handler) for NMI_Handler
    startup_stm32f10x_hd.o(RESET) refers to stm32f10x_it.o(i.HardFault_Handler) for HardFault_Handler
    startup_stm32f10x_hd.o(RESET) refers to stm32f10x_it.o(i.MemManage_Handler) for MemManage_Handler
    startup_stm32f10x_hd.o(RESET) refers to stm32f10x_it.o(i.BusFault_Handler) for BusFault_Handler
    startup_stm32f10x_hd.o(RESET) refers to stm32f10x_it.o(i.UsageFault_Handler) for UsageFault_Handler
    startup_stm32f10x_hd.o(RESET) refers to stm32f10x_it.o(i.SVC_Handler) for SVC_Handler
    startup_stm32f10x_hd.o(RESET) refers to stm32f10x_it.o(i.DebugMon_Handler) for DebugMon_Handler
    startup_stm32f10x_hd.o(RESET) refers to os_cpu_a.o(.text) for PendSV_Handler
    startup_stm32f10x_hd.o(RESET) refers to stm32f10x_it.o(i.SysTick_Handler) for SysTick_Handler
    startup_stm32f10x_hd.o(.text) refers (Special) to heapauxi.o(.text) for __use_two_region_memory
    startup_stm32f10x_hd.o(.text) refers to system_stm32f10x.o(i.SystemInit) for SystemInit
    startup_stm32f10x_hd.o(.text) refers to __main.o(!!!main) for __main
    startup_stm32f10x_hd.o(.text) refers to startup_stm32f10x_hd.o(HEAP) for Heap_Mem
    startup_stm32f10x_hd.o(.text) refers to startup_stm32f10x_hd.o(STACK) for Stack_Mem
[...]
    Removing stm32f10x_tim.o(i.TIM_SelectHallSensor), (24 bytes).
    Removing stm32f10x_tim.o(i.TIM_SelectInputTrigger), (18 bytes).
    Removing stm32f10x_tim.o(i.TIM_SelectMasterSlaveMode), (18 bytes).
    Removing stm32f10x_tim.o(i.TIM_SelectOCxM), (82 bytes).
    Removing stm32f10x_tim.o(i.TIM_SelectOnePulseMode), (18 bytes).
    Removing stm32f10x_tim.o(i.TIM_SelectOutputTrigger), (18 bytes).
    Removing stm32f10x_tim.o(i.TIM_SelectSlaveMode), (18 bytes).
    Removing stm32f10x_tim.o(i.TIM_SetAutoreload), (4 bytes).
    Removing stm32f10x_tim.o(i.TIM_SetClockDivision), (18 bytes).
    Removing stm32f10x_tim.o(i.TIM_SetCompare1), (4 bytes).
    Removing stm32f10x_tim.o(i.TIM_SetCompare2), (4 bytes).
    Removing stm32f10x_tim.o(i.TIM_SetCompare3), (4 bytes).
    Removing stm32f10x_tim.o(i.TIM_SetCompare4), (6 bytes).
    Removing stm32f10x_tim.o(i.TIM_SetCounter), (4 bytes).
    Removing stm32f10x_tim.o(i.TIM_SetIC1Prescaler), (18 bytes).
    Removing stm32f10x_tim.o(i.TIM_SetIC2Prescaler), (26 bytes).
    Removing stm32f10x_tim.o(i.TIM_SetIC3Prescaler), (18 bytes).
    Removing stm32f10x_tim.o(i.TIM_SetIC4Prescaler), (26 bytes).
    Removing stm32f10x_tim.o(i.TIM_TIxExternalClockConfig), (62 bytes).
    Removing stm32f10x_tim.o(i.TIM_TimeBaseInit), (164 bytes).
    Removing stm32f10x_tim.o(i.TIM_TimeBaseStructInit), (18 bytes).
    Removing stm32f10x_tim.o(i.TIM_UpdateDisableConfig), (24 bytes).
    Removing stm32f10x_tim.o(i.TIM_UpdateRequestConfig), (24 bytes).
    Removing stm32f10x_usart.o(i.USART_ClearFlag), (18 bytes).
    Removing stm32f10x_usart.o(i.USART_ClearITPendingBit), (30 bytes).
    Removing stm32f10x_usart.o(i.USART_ClockInit), (34 bytes).
    Removing stm32f10x_usart.o(i.USART_ClockStructInit), (12 bytes).
    Removing stm32f10x_usart.o(i.USART_Cmd), (24 bytes).
    Removing stm32f10x_usart.o(i.USART_DMACmd), (18 bytes).
    Removing stm32f10x_usart.o(i.USART_DeInit), (156 bytes).
    Removing stm32f10x_usart.o(i.USART_GetFlagStatus), (26 bytes).
    Removing stm32f10x_usart.o(i.USART_GetITStatus), (84 bytes).
    Removing stm32f10x_usart.o(i.USART_HalfDuplexCmd), (24 bytes).
    Removing stm32f10x_usart.o(i.USART_ITConfig), (74 bytes).
    Removing stm32f10x_usart.o(i.USART_Init), (216 bytes).
    Removing stm32f10x_usart.o(i.USART_IrDACmd), (24 bytes).
    Removing stm32f10x_usart.o(i.USART_IrDAConfig), (18 bytes).
    Removing stm32f10x_usart.o(i.USART_LINBreakDetectLengthConfig), (18 bytes).
    Removing stm32f10x_usart.o(i.USART_LINCmd), (24 bytes).
    Removing stm32f10x_usart.o(i.USART_OneBitMethodCmd), (24 bytes).
    Removing stm32f10x_usart.o(i.USART_OverSampling8Cmd), (22 bytes).
    Removing stm32f10x_usart.o(i.USART_ReceiveData), (10 bytes).
    Removing stm32f10x_usart.o(i.USART_ReceiverWakeUpCmd), (24 bytes).
    Removing stm32f10x_usart.o(i.USART_SendBreak), (10 bytes).
    Removing stm32f10x_usart.o(i.USART_SendData), (8 bytes).
    Removing stm32f10x_usart.o(i.USART_SetAddress), (18 bytes).
    Removing stm32f10x_usart.o(i.USART_SetGuardTime), (16 bytes).
    Removing stm32f10x_usart.o(i.USART_SetPrescaler), (16 bytes).
    Removing stm32f10x_usart.o(i.USART_SmartCardCmd), (24 bytes).
    Removing stm32f10x_usart.o(i.USART_SmartCardNACKCmd), (24 bytes).
    Removing stm32f10x_usart.o(i.USART_StructInit), (24 bytes).
    Removing stm32f10x_usart.o(i.USART_WakeUpConfig), (18 bytes).
    Removing stm32f10x_wwdg.o(i.WWDG_ClearFlag), (12 bytes).
    Removing stm32f10x_wwdg.o(i.WWDG_DeInit), (22 bytes).
    Removing stm32f10x_wwdg.o(i.WWDG_Enable), (16 bytes).
    Removing stm32f10x_wwdg.o(i.WWDG_EnableIT), (12 bytes).
    Removing stm32f10x_wwdg.o(i.WWDG_GetFlagStatus), (12 bytes).
    Removing stm32f10x_wwdg.o(i.WWDG_SetCounter), (16 bytes).
    Removing stm32f10x_wwdg.o(i.WWDG_SetPrescaler), (24 bytes).
    Removing stm32f10x_wwdg.o(i.WWDG_SetWindowValue), (40 bytes).
    Removing os_core.o(i.OSEventNameGet), (104 bytes).
    Removing os_core.o(i.OSEventPendMulti), (680 bytes).
    Removing os_core.o(i.OSStatInit), (76 bytes).
    Removing os_core.o(i.OSVersion), (6 bytes).
    Removing os_core.o(i.OS_EventTaskWaitMulti), (148 bytes).
    Removing os_core.o(i.OS_MemCopy), (20 bytes).
    Removing os_core.o(i.OS_StrLen), (20 bytes).
    Removing os_flag.o(i.OSFlagAccept), (252 bytes).
    Removing os_flag.o(i.OSFlagCreate), (100 bytes).
    Removing os_flag.o(i.OSFlagDel), (228 bytes).
    Removing os_flag.o(i.OSFlagNameGet), (84 bytes).
    Removing os_flag.o(i.OSFlagNameSet), (72 bytes).
    Removing os_flag.o(i.OSFlagPend), (596 bytes).
    Removing os_flag.o(i.OSFlagPendGetFlagsRdy), (32 bytes).
    Removing os_flag.o(i.OSFlagPost), (312 bytes).
    Removing os_flag.o(i.OSFlagQuery), (48 bytes).
    Removing os_flag.o(i.OS_FlagBlock), (164 bytes).
    Removing os_flag.o(i.OS_FlagTaskRdy), (92 bytes).
    Removing os_mbox.o(i.OSMboxAccept), (38 bytes).
    Removing os_mbox.o(i.OSMboxCreate), (84 bytes).
    Removing os_mbox.o(i.OSMboxDel), (224 bytes).
    Removing os_mbox.o(i.OSMboxPend), (264 bytes).
    Removing os_mbox.o(i.OSMboxPendAbort), (128 bytes).
    Removing os_mbox.o(i.OSMboxPost), (80 bytes).
    Removing os_mbox.o(i.OSMboxPostOpt), (120 bytes).
    Removing os_mbox.o(i.OSMboxQuery), (76 bytes).
    Removing os_mem.o(i.OSMemCreate), (124 bytes).
    Removing os_mem.o(i.OSMemGet), (62 bytes).
    Removing os_mem.o(i.OSMemNameGet), (64 bytes).
    Removing os_mem.o(i.OSMemNameSet), (52 bytes).
    Removing os_mem.o(i.OSMemPut), (54 bytes).
    Removing os_mem.o(i.OSMemQuery), (52 bytes).
    Removing os_mutex.o(i.OSMutexAccept), (144 bytes).
    Removing os_mutex.o(i.OSMutexDel), (292 bytes).
    Removing os_mutex.o(i.OSMutexQuery), (112 bytes).
    Removing os_q.o(i.OSQAccept), (88 bytes).
    Removing os_q.o(i.OSQCreate), (160 bytes).
    Removing os_q.o(i.OSQDel), (260 bytes).
    Removing os_q.o(i.OSQFlush), (36 bytes).
    Removing os_q.o(i.OSQPend), (292 bytes).
    Removing os_q.o(i.OSQPendAbort), (128 bytes).
    Removing os_q.o(i.OSQPost), (114 bytes).
    Removing os_q.o(i.OSQPostFront), (116 bytes).
    Removing os_q.o(i.OSQPostOpt), (182 bytes).
    Removing os_q.o(i.OSQQuery), (98 bytes).
    Removing os_sem.o(i.OSSemAccept), (42 bytes).
    Removing os_sem.o(i.OSSemDel), (224 bytes).
    Removing os_sem.o(i.OSSemPendAbort), (128 bytes).
    Removing os_sem.o(i.OSSemQuery), (76 bytes).
    Removing os_sem.o(i.OSSemSet), (66 bytes).
    Removing os_task.o(i.OSTaskChangePrio), (416 bytes).
    Removing os_task.o(i.OSTaskDelReq), (108 bytes).
    Removing os_task.o(i.OSTaskNameGet), (128 bytes).
    Removing os_task.o(i.OSTaskQuery), (92 bytes).
    Removing os_task.o(i.OSTaskRegGet), (68 bytes).
    Removing os_task.o(i.OSTaskRegSet), (72 bytes).
    Removing os_task.o(i.OSTaskResume), (172 bytes).
    Removing os_time.o(i.OSTimeDlyResume), (180 bytes).
    Removing os_time.o(i.OSTimeGet), (28 bytes).
    Removing os_time.o(i.OSTimeSet), (28 bytes).
    Removing os_tmr.o(i.OSTmrCreate), (100 bytes).
    Removing os_tmr.o(i.OSTmrDel), (128 bytes).
    Removing os_tmr.o(i.OSTmrNameGet), (120 bytes).
    Removing os_tmr.o(i.OSTmrRemainGet), (172 bytes).
    Removing os_tmr.o(i.OSTmrStart), (132 bytes).
    Removing os_tmr.o(i.OSTmrStateGet), (92 bytes).
    Removing os_tmr.o(i.OSTmrStop), (184 bytes).
    Removing os_tmr.o(i.OSTmr_Alloc), (64 bytes).
    Removing os_tmr.o(i.OSTmr_Free), (76 bytes).

539 unused section(s) (total 28234 bytes) removed from the image.

==============================================================================

Image Symbol Table

    Local Symbols

    Symbol Name                              Value     Ov Type        Size  Object(Section)

    ../clib/angel/boardlib.s                 0x00000000   Number         0  boardinit1.o ABSOLUTE
    ../clib/angel/boardlib.s                 0x00000000   Number         0  boardshut.o ABSOLUTE
    ../clib/angel/boardlib.s                 0x00000000   Number         0  boardinit3.o ABSOLUTE
    ../clib/angel/boardlib.s                 0x00000000   Number         0  boardinit2.o ABSOLUTE
    ../clib/angel/handlers.s                 0x00000000   Number         0  __scatter_zi.o ABSOLUTE
    ../clib/angel/handlers.s                 0x00000000   Number         0  __scatter_copy.o ABSOLUTE
    ../clib/angel/kernel.s                   0x00000000   Number         0  rtexit2.o ABSOLUTE
    ../clib/angel/kernel.s                   0x00000000   Number         0  __rtentry4.o ABSOLUTE
    ../clib/angel/kernel.s                   0x00000000   Number         0  __rtentry2.o ABSOLUTE
    ../clib/angel/kernel.s                   0x00000000   Number         0  __rtentry.o ABSOLUTE
    ../clib/angel/kernel.s                   0x00000000   Number         0  rtexit.o ABSOLUTE
    ../clib/angel/rt.s                       0x00000000   Number         0  rt_raise.o ABSOLUTE
    ../clib/angel/scatter.s                  0x00000000   Number         0  __scatter.o ABSOLUTE
    ../clib/angel/startup.s                  0x00000000   Number         0  __main.o ABSOLUTE
    ../clib/angel/sys.s                      0x00000000   Number         0  sys_stackheap_outer.o ABSOLUTE
    ../clib/angel/sys.s                      0x00000000   Number         0  use_no_semi.o ABSOLUTE
    ../clib/angel/sys.s                      0x00000000   Number         0  libspace.o ABSOLUTE
    ../clib/angel/sys.s                      0x00000000   Number         0  indicate_semi.o ABSOLUTE
    ../clib/angel/sysapp.c                   0x00000000   Number         0  sys_exit.o ABSOLUTE
    ../clib/angel/sysapp.c                   0x00000000   Number         0  sys_wrch.o ABSOLUTE
    ../clib/angel/sysapp.c                   0x00000000   Number         0  sys_command.o ABSOLUTE
    ../clib/armsys.c                         0x00000000   Number         0  _get_argv_nomalloc.o ABSOLUTE
    ../clib/armsys.c                         0x00000000   Number         0  argv_veneer.o ABSOLUTE
    ../clib/armsys.c                         0x00000000   Number         0  argv_veneer.o ABSOLUTE
    ../clib/armsys.c                         0x00000000   Number         0  no_argv.o ABSOLUTE
    ../clib/heapalloc.c                      0x00000000   Number         0  hrguard.o ABSOLUTE
    ../clib/heapaux.c                        0x00000000   Number         0  heapauxi.o ABSOLUTE
    ../clib/libinit.s                        0x00000000   Number         0  libshutdown.o ABSOLUTE
    ../clib/libinit.s                        0x00000000   Number         0  libinit.o ABSOLUTE
    ../clib/libinit.s                        0x00000000   Number         0  libshutdown2.o ABSOLUTE
    ../clib/libinit.s                        0x00000000   Number         0  libinit2.o ABSOLUTE
    ../clib/signal.c                         0x00000000   Number         0  defsig_rtmem_formal.o ABSOLUTE
    ../clib/signal.c                         0x00000000   Number         0  defsig_abrt_inner.o ABSOLUTE
    ../clib/signal.c                         0x00000000   Number         0  defsig_cppl_inner.o ABSOLUTE
    ../clib/signal.c                         0x00000000   Number         0  defsig_fpe_inner.o ABSOLUTE
    ../clib/signal.c                         0x00000000   Number         0  defsig_rtred_inner.o ABSOLUTE
    ../clib/signal.c                         0x00000000   Number         0  defsig_rtmem_inner.o ABSOLUTE
    ../clib/signal.c                         0x00000000   Number         0  defsig_other.o ABSOLUTE
    ../clib/signal.c                         0x00000000   Number         0  defsig_segv_inner.o ABSOLUTE
    ../clib/signal.c                         0x00000000   Number         0  defsig_exit.o ABSOLUTE
    ../clib/signal.c                         0x00000000   Number         0  __raise.o ABSOLUTE
    ../clib/signal.c                         0x00000000   Number         0  defsig_general.o ABSOLUTE
    ../clib/signal.c                         0x00000000   Number         0  defsig_rtmem_outer.o ABSOLUTE
    ../clib/signal.c                         0x00000000   Number         0  defsig_pvfn_inner.o ABSOLUTE
    ../clib/signal.c                         0x00000000   Number         0  defsig_stak_inner.o ABSOLUTE
    ../clib/signal.s                         0x00000000   Number         0  defsig.o ABSOLUTE
    ../clib/stdlib.c                         0x00000000   Number         0  exit.o ABSOLUTE
    ../fplib/fpinit.s                        0x00000000   Number         0  fpinit.o ABSOLUTE
    Libraries\CMSIS\CM3\CoreSupport\core_cm3.c 0x00000000   Number         0  core_cm3.o ABSOLUTE
    Libraries\CMSIS\CM3\DeviceSupport\ST\STM32F10x\startup\arm\startup_stm32f10x_hd.s 0x00000000   Number         0  startup_stm32f10x_hd.o ABSOLUTE
    Libraries\CMSIS\CM3\DeviceSupport\ST\STM32F10x\system_stm32f10x.c 0x00000000   Number         0  system_stm32f10x.o ABSOLUTE
    Libraries\STM32F10x_StdPeriph_Driver\src\misc.c 0x00000000   Number         0  misc.o ABSOLUTE
    Libraries\STM32F10x_StdPeriph_Driver\src\stm32f10x_adc.c 0x00000000   Number         0  stm32f10x_adc.o ABSOLUTE
    Libraries\STM32F10x_StdPeriph_Driver\src\stm32f10x_bkp.c 0x00000000   Number         0  stm32f10x_bkp.o ABSOLUTE
    Libraries\STM32F10x_StdPeriph_Driver\src\stm32f10x_can.c 0x00000000   Number         0  stm32f10x_can.o ABSOLUTE
    Libraries\STM32F10x_StdPeriph_Driver\src\stm32f10x_cec.c 0x00000000   Number         0  stm32f10x_cec.o ABSOLUTE
    Libraries\STM32F10x_StdPeriph_Driver\src\stm32f10x_crc.c 0x00000000   Number         0  stm32f10x_crc.o ABSOLUTE
    Libraries\STM32F10x_StdPeriph_Driver\src\stm32f10x_dac.c 0x00000000   Number         0  stm32f10x_dac.o ABSOLUTE
    Libraries\STM32F10x_StdPeriph_Driver\src\stm32f10x_dbgmcu.c 0x00000000   Number         0  stm32f10x_dbgmcu.o ABSOLUTE
    Libraries\STM32F10x_StdPeriph_Driver\src\stm32f10x_dma.c 0x00000000   Number         0  stm32f10x_dma.o ABSOLUTE
    Libraries\STM32F10x_StdPeriph_Driver\src\stm32f10x_exti.c 0x00000000   Number         0  stm32f10x_exti.o ABSOLUTE
    Libraries\STM32F10x_StdPeriph_Driver\src\stm32f10x_flash.c 0x00000000   Number         0  stm32f10x_flash.o ABSOLUTE
    Libraries\STM32F10x_StdPeriph_Driver\src\stm32f10x_fsmc.c 0x00000000   Number         0  stm32f10x_fsmc.o ABSOLUTE
    Libraries\STM32F10x_StdPeriph_Driver\src\stm32f10x_gpio.c 0x00000000   Number         0  stm32f10x_gpio.o ABSOLUTE
    Libraries\STM32F10x_StdPeriph_Driver\src\stm32f10x_i2c.c 0x00000000   Number         0  stm32f10x_i2c.o ABSOLUTE
    Libraries\STM32F10x_StdPeriph_Driver\src\stm32f10x_iwdg.c 0x00000000   Number         0  stm32f10x_iwdg.o ABSOLUTE
    Libraries\STM32F10x_StdPeriph_Driver\src\stm32f10x_pwr.c 0x00000000   Number         0  stm32f10x_pwr.o ABSOLUTE
    Libraries\STM32F10x_StdPeriph_Driver\src\stm32f10x_rcc.c 0x00000000   Number         0  stm32f10x_rcc.o ABSOLUTE
    Libraries\STM32F10x_StdPeriph_Driver\src\stm32f10x_rtc.c 0x00000000   Number         0  stm32f10x_rtc.o ABSOLUTE
    Libraries\STM32F10x_StdPeriph_Driver\src\stm32f10x_sdio.c 0x00000000   Number         0  stm32f10x_sdio.o ABSOLUTE
    Libraries\STM32F10x_StdPeriph_Driver\src\stm32f10x_spi.c 0x00000000   Number         0  stm32f10x_spi.o ABSOLUTE
    Libraries\STM32F10x_StdPeriph_Driver\src\stm32f10x_tim.c 0x00000000   Number         0  stm32f10x_tim.o ABSOLUTE
    Libraries\STM32F10x_StdPeriph_Driver\src\stm32f10x_usart.c 0x00000000   Number         0  stm32f10x_usart.o ABSOLUTE
    Libraries\STM32F10x_StdPeriph_Driver\src\stm32f10x_wwdg.c 0x00000000   Number         0  stm32f10x_wwdg.o ABSOLUTE
    Libraries\\CMSIS\\CM3\\CoreSupport\\core_cm3.c 0x00000000   Number         0  core_cm3.o ABSOLUTE
    app_hooks.c                              0x00000000   Number         0  app_hooks.o ABSOLUTE
    bsp_led.c                                0x00000000   Number         0  bsp_led.o ABSOLUTE
    dc.s                                     0x00000000   Number         0  dc.o ABSOLUTE
    main.c                                   0x00000000   Number         0  main.o ABSOLUTE
    src\stm32f10x_it.c                       0x00000000   Number         0  stm32f10x_it.o ABSOLUTE
    ucos-II\Source\os_core.c                 0x00000000   Number         0  os_core.o ABSOLUTE
    ucos-II\Source\os_flag.c                 0x00000000   Number         0  os_flag.o ABSOLUTE
    ucos-II\Source\os_mbox.c                 0x00000000   Number         0  os_mbox.o ABSOLUTE
    ucos-II\Source\os_mem.c                  0x00000000   Number         0  os_mem.o ABSOLUTE
    ucos-II\Source\os_mutex.c                0x00000000   Number         0  os_mutex.o ABSOLUTE
    ucos-II\Source\os_q.c                    0x00000000   Number         0  os_q.o ABSOLUTE
    ucos-II\Source\os_sem.c                  0x00000000   Number         0  os_sem.o ABSOLUTE
    ucos-II\Source\os_task.c                 0x00000000   Number         0  os_task.o ABSOLUTE
    ucos-II\Source\os_time.c                 0x00000000   Number         0  os_time.o ABSOLUTE
    ucos-II\Source\os_tmr.c                  0x00000000   Number         0  os_tmr.o ABSOLUTE
    ucos-II\ports\os_cpu_a.asm               0x00000000   Number         0  os_cpu_a.o ABSOLUTE
    ucos-II\ports\os_cpu_c.c                 0x00000000   Number         0  os_cpu_c.o ABSOLUTE
    ucos-II\ports\os_dbg.c                   0x00000000   Number         0  os_dbg.o ABSOLUTE
    RESET                                    0x08000000   Section      304  startup_stm32f10x_hd.o(RESET)
    !!!main                                  0x08000130   Section        8  __main.o(!!!main)
    !!!scatter                               0x08000138   Section       52  __scatter.o(!!!scatter)
    !!handler_copy                           0x0800016c   Section       26  __scatter_copy.o(!!handler_copy)
    !!handler_zi                             0x08000188   Section       28  __scatter_zi.o(!!handler_zi)
    .ARM.Collect$$libinit$$00000000          0x080001a4   Section        2  libinit.o(.ARM.Collect$$libinit$$00000000)
    .ARM.Collect$$libinit$$00000002          0x080001a6   Section        0  libinit2.o(.ARM.Collect$$libinit$$00000002)
    .ARM.Collect$$libinit$$00000004          0x080001a6   Section        0  libinit2.o(.ARM.Collect$$libinit$$00000004)
    .ARM.Collect$$libinit$$0000000A          0x080001a6   Section        0  libinit2.o(.ARM.Collect$$libinit$$0000000A)
    .ARM.Collect$$libinit$$0000000C          0x080001a6   Section        0  libinit2.o(.ARM.Collect$$libinit$$0000000C)
    .ARM.Collect$$libinit$$0000000E          0x080001a6   Section        0  libinit2.o(.ARM.Collect$$libinit$$0000000E)
    .ARM.Collect$$libinit$$00000011          0x080001a6   Section        0  libinit2.o(.ARM.Collect$$libinit$$00000011)
    .ARM.Collect$$libinit$$00000013          0x080001a6   Section        0  libinit2.o(.ARM.Collect$$libinit$$00000013)
    .ARM.Collect$$libinit$$00000015          0x080001a6   Section        0  libinit2.o(.ARM.Collect$$libinit$$00000015)
    .ARM.Collect$$libinit$$00000017          0x080001a6   Section        0  libinit2.o(.ARM.Collect$$libinit$$00000017)
    .ARM.Collect$$libinit$$00000019          0x080001a6   Section        0  libinit2.o(.ARM.Collect$$libinit$$00000019)
    .ARM.Collect$$libinit$$0000001B          0x080001a6   Section        0  libinit2.o(.ARM.Collect$$libinit$$0000001B)
    .ARM.Collect$$libinit$$0000001D          0x080001a6   Section        0  libinit2.o(.ARM.Collect$$libinit$$0000001D)
    .ARM.Collect$$libinit$$0000001F          0x080001a6   Section        0  libinit2.o(.ARM.Collect$$libinit$$0000001F)
    .ARM.Collect$$libinit$$00000021          0x080001a6   Section        0  libinit2.o(.ARM.Collect$$libinit$$00000021)
    .ARM.Collect$$libinit$$00000023          0x080001a6   Section        0  libinit2.o(.ARM.Collect$$libinit$$00000023)
    .ARM.Collect$$libinit$$00000025          0x080001a6   Section        0  libinit2.o(.ARM.Collect$$libinit$$00000025)
    .ARM.Collect$$libinit$$0000002C          0x080001a6   Section        0  libinit2.o(.ARM.Collect$$libinit$$0000002C)
    .ARM.Collect$$libinit$$0000002E          0x080001a6   Section        0  libinit2.o(.ARM.Collect$$libinit$$0000002E)
    .ARM.Collect$$libinit$$00000030          0x080001a6   Section        0  libinit2.o(.ARM.Collect$$libinit$$00000030)
    .ARM.Collect$$libinit$$00000032          0x080001a6   Section        0  libinit2.o(.ARM.Collect$$libinit$$00000032)
    .ARM.Collect$$libinit$$00000033          0x080001a6   Section        2  libinit2.o(.ARM.Collect$$libinit$$00000033)
    .ARM.Collect$$libshutdown$$00000000      0x080001a8   Section        2  libshutdown.o(.ARM.Collect$$libshutdown$$00000000)
    .ARM.Collect$$libshutdown$$00000002      0x080001aa   Section        0  libshutdown2.o(.ARM.Collect$$libshutdown$$00000002)
    .ARM.Collect$$libshutdown$$00000004      0x080001aa   Section        0  libshutdown2.o(.ARM.Collect$$libshutdown$$00000004)
    .ARM.Collect$$libshutdown$$00000007      0x080001aa   Section        0  libshutdown2.o(.ARM.Collect$$libshutdown$$00000007)
    .ARM.Collect$$libshutdown$$0000000A      0x080001aa   Section        0  libshutdown2.o(.ARM.Collect$$libshutdown$$0000000A)
    .ARM.Collect$$libshutdown$$0000000C      0x080001aa   Section        0  libshutdown2.o(.ARM.Collect$$libshutdown$$0000000C)
    .ARM.Collect$$libshutdown$$0000000F      0x080001aa   Section        0  libshutdown2.o(.ARM.Collect$$libshutdown$$0000000F)
    .ARM.Collect$$libshutdown$$00000010      0x080001aa   Section        2  libshutdown2.o(.ARM.Collect$$libshutdown$$00000010)
    .ARM.Collect$$rtentry$$00000000          0x080001ac   Section        0  __rtentry.o(.ARM.Collect$$rtentry$$00000000)
    .ARM.Collect$$rtentry$$00000002          0x080001ac   Section        0  __rtentry2.o(.ARM.Collect$$rtentry$$00000002)
    .ARM.Collect$$rtentry$$00000004          0x080001ac   Section        6  __rtentry4.o(.ARM.Collect$$rtentry$$00000004)
    .ARM.Collect$$rtentry$$00000009          0x080001b2   Section        0  __rtentry2.o(.ARM.Collect$$rtentry$$00000009)
    .ARM.Collect$$rtentry$$0000000A          0x080001b2   Section        4  __rtentry2.o(.ARM.Collect$$rtentry$$0000000A)
    .ARM.Collect$$rtentry$$0000000C          0x080001b6   Section        0  __rtentry2.o(.ARM.Collect$$rtentry$$0000000C)
    .ARM.Collect$$rtentry$$0000000D          0x080001b6   Section        8  __rtentry2.o(.ARM.Collect$$rtentry$$0000000D)
    .ARM.Collect$$rtexit$$00000000           0x080001be   Section        2  rtexit.o(.ARM.Collect$$rtexit$$00000000)
    .ARM.Collect$$rtexit$$00000002           0x080001c0   Section        0  rtexit2.o(.ARM.Collect$$rtexit$$00000002)
    .ARM.Collect$$rtexit$$00000003           0x080001c0   Section        4  rtexit2.o(.ARM.Collect$$rtexit$$00000003)
    .ARM.Collect$$rtexit$$00000004           0x080001c4   Section        6  rtexit2.o(.ARM.Collect$$rtexit$$00000004)
    .text                                    0x080001cc   Section       64  startup_stm32f10x_hd.o(.text)
    .text                                    0x0800020c   Section      176  os_cpu_a.o(.text)
    .text                                    0x080002bc   Section        0  heapauxi.o(.text)
    .text                                    0x080002c2   Section       74  sys_stackheap_outer.o(.text)
    .text                                    0x0800030c   Section        0  exit.o(.text)
    .text                                    0x08000320   Section        8  libspace.o(.text)
    .text                                    0x08000328   Section        0  sys_exit.o(.text)
    .text                                    0x08000334   Section        2  use_no_semi.o(.text)
    .text                                    0x08000336   Section        0  indicate_semi.o(.text)
    i.App_TCBInitHook                        0x08000336   Section        0  app_hooks.o(i.App_TCBInitHook)
    i.App_TaskCreateHook                     0x08000338   Section        0  app_hooks.o(i.App_TaskCreateHook)
    i.App_TaskDelHook                        0x0800033a   Section        0  app_hooks.o(i.App_TaskDelHook)
    i.App_TaskIdleHook                       0x0800033c   Section        0  app_hooks.o(i.App_TaskIdleHook)
    i.App_TaskReturnHook                     0x0800033e   Section        0  app_hooks.o(i.App_TaskReturnHook)
    i.App_TaskStatHook                       0x08000340   Section        0  app_hooks.o(i.App_TaskStatHook)
    i.App_TaskSwHook                         0x08000342   Section        0  app_hooks.o(i.App_TaskSwHook)
    i.App_TimeTickHook                       0x08000344   Section        0  app_hooks.o(i.App_TimeTickHook)
    i.BusFault_Handler                       0x08000346   Section        0  stm32f10x_it.o(i.BusFault_Handler)
    i.DebugMon_Handler                       0x0800034a   Section        0  stm32f10x_it.o(i.DebugMon_Handler)
    i.GPIO_Init                              0x0800034c   Section        0  stm32f10x_gpio.o(i.GPIO_Init)
    i.GPIO_ResetBits                         0x08000462   Section        0  stm32f10x_gpio.o(i.GPIO_ResetBits)
    i.GPIO_SetBits                           0x08000466   Section        0  stm32f10x_gpio.o(i.GPIO_SetBits)
    i.HardFault_Handler                      0x0800046a   Section        0  stm32f10x_it.o(i.HardFault_Handler)
    i.LED_GPIO_Config                        0x08000470   Section        0  bsp_led.o(i.LED_GPIO_Config)
    i.MemManage_Handler                      0x080004d0   Section        0  stm32f10x_it.o(i.MemManage_Handler)
    i.NMI_Handler                            0x080004d4   Section        0  stm32f10x_it.o(i.NMI_Handler)
    i.OSDebugInit                            0x080004d8   Section        0  os_dbg.o(i.OSDebugInit)
    i.OSEventNameSet                         0x08000634   Section        0  os_core.o(i.OSEventNameSet)
    i.OSInit                                 0x0800068c   Section        0  os_core.o(i.OSInit)
    i.OSInitHookBegin                        0x080006c4   Section        0  os_cpu_c.o(i.OSInitHookBegin)
    i.OSInitHookEnd                          0x080006f4   Section        0  os_cpu_c.o(i.OSInitHookEnd)
    i.OSIntEnter                             0x080006f8   Section        0  os_core.o(i.OSIntEnter)
    i.OSIntExit                              0x0800071c   Section        0  os_core.o(i.OSIntExit)
    i.OSMutexCreate                          0x080007ac   Section        0  os_mutex.o(i.OSMutexCreate)
    i.OSMutexPend                            0x08000848   Section        0  os_mutex.o(i.OSMutexPend)
    i.OSMutexPost                            0x08000a84   Section        0  os_mutex.o(i.OSMutexPost)
    i.OSMutex_RdyAtPrio                      0x08000b4c   Section        0  os_mutex.o(i.OSMutex_RdyAtPrio)
    OSMutex_RdyAtPrio                        0x08000b4d   Thumb Code   114  os_mutex.o(i.OSMutex_RdyAtPrio)
    i.OSSchedLock                            0x08000bd0   Section        0  os_core.o(i.OSSchedLock)
    i.OSSchedUnlock                          0x08000c10   Section        0  os_core.o(i.OSSchedUnlock)
    i.OSSemCreate                            0x08000c70   Section        0  os_sem.o(i.OSSemCreate)
    i.OSSemPend                              0x08000cc4   Section        0  os_sem.o(i.OSSemPend)
    i.OSSemPost                              0x08000db4   Section        0  os_sem.o(i.OSSemPost)
    i.OSStart                                0x08000e0c   Section        0  os_core.o(i.OSStart)
    i.OSTCBInitHook                          0x08000e54   Section        0  os_cpu_c.o(i.OSTCBInitHook)
    i.OSTaskCreate                           0x08000e60   Section        0  os_task.o(i.OSTaskCreate)
    i.OSTaskCreateExt                        0x08000f00   Section        0  os_task.o(i.OSTaskCreateExt)
    i.OSTaskCreateHook                       0x08000fb8   Section        0  os_cpu_c.o(i.OSTaskCreateHook)
    i.OSTaskDel                              0x08000fc4   Section        0  os_task.o(i.OSTaskDel)
    i.OSTaskDelHook                          0x08001124   Section        0  os_cpu_c.o(i.OSTaskDelHook)
    i.OSTaskIdleHook                         0x08001130   Section        0  os_cpu_c.o(i.OSTaskIdleHook)
    i.OSTaskNameSet                          0x08001138   Section        0  os_task.o(i.OSTaskNameSet)
    i.OSTaskReturnHook                       0x080011a8   Section        0  os_cpu_c.o(i.OSTaskReturnHook)
    i.OSTaskStatHook                         0x080011b4   Section        0  os_cpu_c.o(i.OSTaskStatHook)
    i.OSTaskStkChk                           0x080011bc   Section        0  os_task.o(i.OSTaskStkChk)
    i.OSTaskStkInit                          0x08001248   Section        0  os_cpu_c.o(i.OSTaskStkInit)
    i.OSTaskSuspend                          0x080012e4   Section        0  os_task.o(i.OSTaskSuspend)
    i.OSTaskSwHook                           0x0800138c   Section        0  os_cpu_c.o(i.OSTaskSwHook)
    i.OSTimeDly                              0x08001394   Section        0  os_time.o(i.OSTimeDly)
    i.OSTimeDlyHMSM                          0x0800140c   Section        0  os_time.o(i.OSTimeDlyHMSM)
    i.OSTimeTick                             0x0800146c   Section        0  os_core.o(i.OSTimeTick)
    i.OSTimeTickHook                         0x08001558   Section        0  os_cpu_c.o(i.OSTimeTickHook)
    i.OSTmrSignal                            0x08001580   Section        0  os_tmr.o(i.OSTmrSignal)
    i.OSTmr_Init                             0x08001594   Section        0  os_tmr.o(i.OSTmr_Init)
    i.OSTmr_InitTask                         0x08001688   Section        0  os_tmr.o(i.OSTmr_InitTask)
    OSTmr_InitTask                           0x08001689   Thumb Code    50  os_tmr.o(i.OSTmr_InitTask)
    i.OSTmr_Link                             0x080016d8   Section        0  os_tmr.o(i.OSTmr_Link)
    OSTmr_Link                               0x080016d9   Thumb Code   100  os_tmr.o(i.OSTmr_Link)
    i.OSTmr_Task                             0x08001744   Section        0  os_tmr.o(i.OSTmr_Task)
    OSTmr_Task                               0x08001745   Thumb Code   114  os_tmr.o(i.OSTmr_Task)
    i.OSTmr_Unlink                           0x080017c4   Section        0  os_tmr.o(i.OSTmr_Unlink)
    OSTmr_Unlink                             0x080017c5   Thumb Code    62  os_tmr.o(i.OSTmr_Unlink)
    i.OS_Dummy                               0x08001808   Section        0  os_core.o(i.OS_Dummy)
    i.OS_EventTaskRdy                        0x0800180c   Section        0  os_core.o(i.OS_EventTaskRdy)
    i.OS_EventTaskRemove                     0x0800189c   Section        0  os_core.o(i.OS_EventTaskRemove)
    i.OS_EventTaskRemoveMulti                0x080018c6   Section        0  os_core.o(i.OS_EventTaskRemoveMulti)
    i.OS_EventTaskWait                       0x08001900   Section        0  os_core.o(i.OS_EventTaskWait)
    i.OS_EventWaitListInit                   0x0800197c   Section        0  os_core.o(i.OS_EventWaitListInit)
    i.OS_FlagInit                            0x08001998   Section        0  os_flag.o(i.OS_FlagInit)
    i.OS_FlagUnlink                          0x080019f0   Section        0  os_flag.o(i.OS_FlagUnlink)
    i.OS_InitEventList                       0x08001a14   Section        0  os_core.o(i.OS_InitEventList)
    OS_InitEventList                         0x08001a15   Thumb Code    84  os_core.o(i.OS_InitEventList)
    i.OS_InitMisc                            0x08001a74   Section        0  os_core.o(i.OS_InitMisc)
    OS_InitMisc                              0x08001a75   Thumb Code    44  os_core.o(i.OS_InitMisc)
    i.OS_InitRdyList                         0x08001ac8   Section        0  os_core.o(i.OS_InitRdyList)
    OS_InitRdyList                           0x08001ac9   Thumb Code    44  os_core.o(i.OS_InitRdyList)
    i.OS_InitTCBList                         0x08001b0c   Section        0  os_core.o(i.OS_InitTCBList)
    OS_InitTCBList                           0x08001b0d   Thumb Code   106  os_core.o(i.OS_InitTCBList)
    i.OS_InitTaskIdle                        0x08001b8c   Section        0  os_core.o(i.OS_InitTaskIdle)
    OS_InitTaskIdle                          0x08001b8d   Thumb Code    50  os_core.o(i.OS_InitTaskIdle)
    i.OS_InitTaskStat                        0x08001bdc   Section        0  os_core.o(i.OS_InitTaskStat)
    OS_InitTaskStat                          0x08001bdd   Thumb Code    50  os_core.o(i.OS_InitTaskStat)
    i.OS_MemClr                              0x08001c2c   Section        0  os_core.o(i.OS_MemClr)
    i.OS_MemInit                             0x08001c40   Section        0  os_mem.o(i.OS_MemInit)
    i.OS_QInit                               0x08001c98   Section        0  os_q.o(i.OS_QInit)
    i.OS_Sched                               0x08001ce8   Section        0  os_core.o(i.OS_Sched)
    i.OS_SchedNew                            0x08001d5c   Section        0  os_core.o(i.OS_SchedNew)
    OS_SchedNew                              0x08001d5d   Thumb Code    26  os_core.o(i.OS_SchedNew)
    i.OS_TCBInit                             0x08001d88   Section        0  os_core.o(i.OS_TCBInit)
    i.OS_TaskIdle                            0x08001ebc   Section        0  os_core.o(i.OS_TaskIdle)
    i.OS_TaskReturn                          0x08001ee4   Section        0  os_task.o(i.OS_TaskReturn)
    i.OS_TaskStat                            0x08001efc   Section        0  os_core.o(i.OS_TaskStat)
    i.OS_TaskStatStkChk                      0x08001f84   Section        0  os_core.o(i.OS_TaskStatStkChk)
    i.OS_TaskStkClr                          0x08001fc0   Section        0  os_task.o(i.OS_TaskStkClr)
    i.RCC_APB2PeriphClockCmd                 0x08001fdc   Section        0  stm32f10x_rcc.o(i.RCC_APB2PeriphClockCmd)
    i.RCC_GetClocksFreq                      0x08001ffc   Section        0  stm32f10x_rcc.o(i.RCC_GetClocksFreq)
    i.SVC_Handler                            0x080020d0   Section        0  stm32f10x_it.o(i.SVC_Handler)
    i.SetSysClock                            0x080020d2   Section        0  system_stm32f10x.o(i.SetSysClock)
    SetSysClock                              0x080020d3   Thumb Code     8  system_stm32f10x.o(i.SetSysClock)
    i.SetSysClockTo72                        0x080020dc   Section        0  system_stm32f10x.o(i.SetSysClockTo72)
    SetSysClockTo72                          0x080020dd   Thumb Code   214  system_stm32f10x.o(i.SetSysClockTo72)
    i.SysTick_Handler                        0x080021bc   Section        0  stm32f10x_it.o(i.SysTick_Handler)
    i.SysTick_Init                           0x080021d8   Section        0  stm32f10x_it.o(i.SysTick_Init)
    i.SystemInit                             0x08002258   Section        0  system_stm32f10x.o(i.SystemInit)
    i.UsageFault_Handler                     0x080022b8   Section        0  stm32f10x_it.o(i.UsageFault_Handler)
    i.led0_task                              0x080022bc   Section        0  main.o(i.led0_task)
    i.led1_task                              0x08002318   Section        0  main.o(i.led1_task)
    i.led2_task                              0x08002340   Section        0  main.o(i.led2_task)
    i.main                                   0x08002398   Section        0  main.o(i.main)
    .constdata                               0x080023fc   Section      114  os_dbg.o(.constdata)
    .constdata                               0x0800246e   Section      256  os_core.o(.constdata)
    .data                                    0x20000000   Section        8  main.o(.data)
    .data                                    0x20000008   Section       20  system_stm32f10x.o(.data)
    .data                                    0x2000001c   Section        4  stm32f10x_it.o(.data)
    .data                                    0x20000020   Section       20  stm32f10x_rcc.o(.data)
    APBAHBPrescTable                         0x20000020   Data          16  stm32f10x_rcc.o(.data)
    ADCPrescTable                            0x20000030   Data           4  stm32f10x_rcc.o(.data)
    .data                                    0x20000034   Section        6  os_cpu_c.o(.data)
    OSTmrCtr                                 0x20000038   Data           2  os_cpu_c.o(.data)
    .data                                    0x2000003c   Section       96  os_core.o(.data)
    .bss                                     0x2000009c   Section      768  main.o(.bss)
    .bss                                     0x2000039c   Section      512  os_cpu_c.o(.bss)
    .bss                                     0x2000059c   Section     8928  os_core.o(.bss)
    .bss                                     0x2000287c   Section       96  libspace.o(.bss)
    HEAP                                     0x200028e0   Section      512  startup_stm32f10x_hd.o(HEAP)
    Heap_Mem                                 0x200028e0   Data         512  startup_stm32f10x_hd.o(HEAP)
    STACK                                    0x20002ae0   Section     1024  startup_stm32f10x_hd.o(STACK)
    Stack_Mem                                0x20002ae0   Data        1024  startup_stm32f10x_hd.o(STACK)
    __initial_sp                             0x20002ee0   Data           0  startup_stm32f10x_hd.o(STACK)

    Global Symbols

    Symbol Name                              Value     Ov Type        Size  Object(Section)

    BuildAttributes$$THM_ISAv4$P$D$K$B$S$PE$A:L22UL41UL21$X:L11$S22US41US21$IEEE1$IW$USESV6$~STKCKD$USESV7$~SHL$OSPACE$ROPI$EBA8$UX$STANDARDLIB$REQ8$PRES8$EABIv2 0x00000000   Number         0  anon$$obj.o ABSOLUTE
    __ARM_use_no_argv                        0x00000000   Number         0  main.o ABSOLUTE
    __ARM_exceptions_init                     - Undefined Weak Reference
    __alloca_initialize                       - Undefined Weak Reference
    __arm_preinit_                            - Undefined Weak Reference
    __cpp_initialize__aeabi_                  - Undefined Weak Reference
    __cxa_finalize                            - Undefined Weak Reference
    __rt_locale                               - Undefined Weak Reference
    __sigvec_lookup                           - Undefined Weak Reference
    _atexit_init                              - Undefined Weak Reference
    _call_atexit_fns                          - Undefined Weak Reference
    _clock_init                               - Undefined Weak Reference
    _fp_trap_init                             - Undefined Weak Reference
    _fp_trap_shutdown                         - Undefined Weak Reference
    _get_lc_collate                           - Undefined Weak Reference
    _get_lc_ctype                             - Undefined Weak Reference
    _get_lc_monetary                          - Undefined Weak Reference
    _get_lc_numeric                           - Undefined Weak Reference
    _get_lc_time                              - Undefined Weak Reference
    _getenv_init                              - Undefined Weak Reference
    _handle_redirection                       - Undefined Weak Reference
    _init_alloc                               - Undefined Weak Reference
    _init_user_alloc                          - Undefined Weak Reference
    _initio                                   - Undefined Weak Reference
    _rand_init                                - Undefined Weak Reference
    _signal_finish                            - Undefined Weak Reference
    _signal_init                              - Undefined Weak Reference
    _terminate_alloc                          - Undefined Weak Reference
    _terminate_user_alloc                     - Undefined Weak Reference
    _terminateio                              - Undefined Weak Reference
    __Vectors_Size                           0x00000130   Number         0  startup_stm32f10x_hd.o ABSOLUTE
    __Vectors                                0x08000000   Data           4  startup_stm32f10x_hd.o(RESET)
    __Vectors_End                            0x08000130   Data           0  startup_stm32f10x_hd.o(RESET)
    __main                                   0x08000131   Thumb Code     8  __main.o(!!!main)
    __scatterload                            0x08000139   Thumb Code     0  __scatter.o(!!!scatter)
    __scatterload_rt2                        0x08000139   Thumb Code    44  __scatter.o(!!!scatter)
    __scatterload_rt2_thumb_only             0x08000139   Thumb Code     0  __scatter.o(!!!scatter)
    __scatterload_null                       0x08000147   Thumb Code     0  __scatter.o(!!!scatter)
    __scatterload_copy                       0x0800016d   Thumb Code    26  __scatter_copy.o(!!handler_copy)
    __scatterload_zeroinit                   0x08000189   Thumb Code    28  __scatter_zi.o(!!handler_zi)
    __rt_lib_init                            0x080001a5   Thumb Code     0  libinit.o(.ARM.Collect$$libinit$$00000000)
    __rt_lib_init_alloca_1                   0x080001a7   Thumb Code     0  libinit2.o(.ARM.Collect$$libinit$$0000002E)
    __rt_lib_init_argv_1                     0x080001a7   Thumb Code     0  libinit2.o(.ARM.Collect$$libinit$$0000002C)
    __rt_lib_init_atexit_1                   0x080001a7   Thumb Code     0  libinit2.o(.ARM.Collect$$libinit$$0000001B)
    __rt_lib_init_clock_1                    0x080001a7   Thumb Code     0  libinit2.o(.ARM.Collect$$libinit$$00000021)
    __rt_lib_init_cpp_1                      0x080001a7   Thumb Code     0  libinit2.o(.ARM.Collect$$libinit$$00000032)
    __rt_lib_init_exceptions_1               0x080001a7   Thumb Code     0  libinit2.o(.ARM.Collect$$libinit$$00000030)
    __rt_lib_init_fp_1                       0x080001a7   Thumb Code     0  libinit2.o(.ARM.Collect$$libinit$$00000002)
    __rt_lib_init_fp_trap_1                  0x080001a7   Thumb Code     0  libinit2.o(.ARM.Collect$$libinit$$0000001F)
    __rt_lib_init_getenv_1                   0x080001a7   Thumb Code     0  libinit2.o(.ARM.Collect$$libinit$$00000023)
    __rt_lib_init_heap_1                     0x080001a7   Thumb Code     0  libinit2.o(.ARM.Collect$$libinit$$0000000A)
    __rt_lib_init_lc_collate_1               0x080001a7   Thumb Code     0  libinit2.o(.ARM.Collect$$libinit$$00000011)
    __rt_lib_init_lc_ctype_1                 0x080001a7   Thumb Code     0  libinit2.o(.ARM.Collect$$libinit$$00000013)
    __rt_lib_init_lc_monetary_1              0x080001a7   Thumb Code     0  libinit2.o(.ARM.Collect$$libinit$$00000015)
    __rt_lib_init_lc_numeric_1               0x080001a7   Thumb Code     0  libinit2.o(.ARM.Collect$$libinit$$00000017)
    __rt_lib_init_lc_time_1                  0x080001a7   Thumb Code     0  libinit2.o(.ARM.Collect$$libinit$$00000019)
    __rt_lib_init_preinit_1                  0x080001a7   Thumb Code     0  libinit2.o(.ARM.Collect$$libinit$$00000004)
    __rt_lib_init_rand_1                     0x080001a7   Thumb Code     0  libinit2.o(.ARM.Collect$$libinit$$0000000E)
    __rt_lib_init_return                     0x080001a7   Thumb Code     0  libinit2.o(.ARM.Collect$$libinit$$00000033)
    __rt_lib_init_signal_1                   0x080001a7   Thumb Code     0  libinit2.o(.ARM.Collect$$libinit$$0000001D)
    __rt_lib_init_stdio_1                    0x080001a7   Thumb Code     0  libinit2.o(.ARM.Collect$$libinit$$00000025)
    __rt_lib_init_user_alloc_1               0x080001a7   Thumb Code     0  libinit2.o(.ARM.Collect$$libinit$$0000000C)
    __rt_lib_shutdown                        0x080001a9   Thumb Code     0  libshutdown.o(.ARM.Collect$$libshutdown$$00000000)
    __rt_lib_shutdown_cpp_1                  0x080001ab   Thumb Code     0  libshutdown2.o(.ARM.Collect$$libshutdown$$00000002)
    __rt_lib_shutdown_fp_trap_1              0x080001ab   Thumb Code     0  libshutdown2.o(.ARM.Collect$$libshutdown$$00000007)
    __rt_lib_shutdown_heap_1                 0x080001ab   Thumb Code     0  libshutdown2.o(.ARM.Collect$$libshutdown$$0000000F)
    __rt_lib_shutdown_return                 0x080001ab   Thumb Code     0  libshutdown2.o(.ARM.Collect$$libshutdown$$00000010)
    __rt_lib_shutdown_signal_1               0x080001ab   Thumb Code     0  libshutdown2.o(.ARM.Collect$$libshutdown$$0000000A)
    __rt_lib_shutdown_stdio_1                0x080001ab   Thumb Code     0  libshutdown2.o(.ARM.Collect$$libshutdown$$00000004)
    __rt_lib_shutdown_user_alloc_1           0x080001ab   Thumb Code     0  libshutdown2.o(.ARM.Collect$$libshutdown$$0000000C)
    __rt_entry                               0x080001ad   Thumb Code     0  __rtentry.o(.ARM.Collect$$rtentry$$00000000)
    __rt_entry_presh_1                       0x080001ad   Thumb Code     0  __rtentry2.o(.ARM.Collect$$rtentry$$00000002)
    __rt_entry_sh                            0x080001ad   Thumb Code     0  __rtentry4.o(.ARM.Collect$$rtentry$$00000004)
    __rt_entry_li                            0x080001b3   Thumb Code     0  __rtentry2.o(.ARM.Collect$$rtentry$$0000000A)
    __rt_entry_postsh_1                      0x080001b3   Thumb Code     0  __rtentry2.o(.ARM.Collect$$rtentry$$00000009)
    __rt_entry_main                          0x080001b7   Thumb Code     0  __rtentry2.o(.ARM.Collect$$rtentry$$0000000D)
    __rt_entry_postli_1                      0x080001b7   Thumb Code     0  __rtentry2.o(.ARM.Collect$$rtentry$$0000000C)
    __rt_exit                                0x080001bf   Thumb Code     0  rtexit.o(.ARM.Collect$$rtexit$$00000000)
    __rt_exit_ls                             0x080001c1   Thumb Code     0  rtexit2.o(.ARM.Collect$$rtexit$$00000003)
    __rt_exit_prels_1                        0x080001c1   Thumb Code     0  rtexit2.o(.ARM.Collect$$rtexit$$00000002)
    __rt_exit_exit                           0x080001c5   Thumb Code     0  rtexit2.o(.ARM.Collect$$rtexit$$00000004)
    Reset_Handler                            0x080001cd   Thumb Code     8  startup_stm32f10x_hd.o(.text)
    ADC1_2_IRQHandler                        0x080001e7   Thumb Code     0  startup_stm32f10x_hd.o(.text)
    ADC3_IRQHandler                          0x080001e7   Thumb Code     0  startup_stm32f10x_hd.o(.text)
    CAN1_RX1_IRQHandler                      0x080001e7   Thumb Code     0  startup_stm32f10x_hd.o(.text)
    CAN1_SCE_IRQHandler                      0x080001e7   Thumb Code     0  startup_stm32f10x_hd.o(.text)
    DMA1_Channel1_IRQHandler                 0x080001e7   Thumb Code     0  startup_stm32f10x_hd.o(.text)
    DMA1_Channel2_IRQHandler                 0x080001e7   Thumb Code     0  startup_stm32f10x_hd.o(.text)
    DMA1_Channel3_IRQHandler                 0x080001e7   Thumb Code     0  startup_stm32f10x_hd.o(.text)
    DMA1_Channel4_IRQHandler                 0x080001e7   Thumb Code     0  startup_stm32f10x_hd.o(.text)
    DMA1_Channel5_IRQHandler                 0x080001e7   Thumb Code     0  startup_stm32f10x_hd.o(.text)
    DMA1_Channel6_IRQHandler                 0x080001e7   Thumb Code     0  startup_stm32f10x_hd.o(.text)
    DMA1_Channel7_IRQHandler                 0x080001e7   Thumb Code     0  startup_stm32f10x_hd.o(.text)
    DMA2_Channel1_IRQHandler                 0x080001e7   Thumb Code     0  startup_stm32f10x_hd.o(.text)
    DMA2_Channel2_IRQHandler                 0x080001e7   Thumb Code     0  startup_stm32f10x_hd.o(.text)
    DMA2_Channel3_IRQHandler                 0x080001e7   Thumb Code     0  startup_stm32f10x_hd.o(.text)
    DMA2_Channel4_5_IRQHandler               0x080001e7   Thumb Code     0  startup_stm32f10x_hd.o(.text)
    EXTI0_IRQHandler                         0x080001e7   Thumb Code     0  startup_stm32f10x_hd.o(.text)
    EXTI15_10_IRQHandler                     0x080001e7   Thumb Code     0  startup_stm32f10x_hd.o(.text)
    EXTI1_IRQHandler                         0x080001e7   Thumb Code     0  startup_stm32f10x_hd.o(.text)
    EXTI2_IRQHandler                         0x080001e7   Thumb Code     0  startup_stm32f10x_hd.o(.text)
    EXTI3_IRQHandler                         0x080001e7   Thumb Code     0  startup_stm32f10x_hd.o(.text)
    EXTI4_IRQHandler                         0x080001e7   Thumb Code     0  startup_stm32f10x_hd.o(.text)
    EXTI9_5_IRQHandler                       0x080001e7   Thumb Code     0  startup_stm32f10x_hd.o(.text)
    FLASH_IRQHandler                         0x080001e7   Thumb Code     0  startup_stm32f10x_hd.o(.text)
    FSMC_IRQHandler                          0x080001e7   Thumb Code     0  startup_stm32f10x_hd.o(.text)
    I2C1_ER_IRQHandler                       0x080001e7   Thumb Code     0  startup_stm32f10x_hd.o(.text)
    I2C1_EV_IRQHandler                       0x080001e7   Thumb Code     0  startup_stm32f10x_hd.o(.text)
    I2C2_ER_IRQHandler                       0x080001e7   Thumb Code     0  startup_stm32f10x_hd.o(.text)
    I2C2_EV_IRQHandler                       0x080001e7   Thumb Code     0  startup_stm32f10x_hd.o(.text)
    PVD_IRQHandler                           0x080001e7   Thumb Code     0  startup_stm32f10x_hd.o(.text)
    RCC_IRQHandler                           0x080001e7   Thumb Code     0  startup_stm32f10x_hd.o(.text)
    RTCAlarm_IRQHandler                      0x080001e7   Thumb Code     0  startup_stm32f10x_hd.o(.text)
    RTC_IRQHandler                           0x080001e7   Thumb Code     0  startup_stm32f10x_hd.o(.text)
    SDIO_IRQHandler                          0x080001e7   Thumb Code     0  startup_stm32f10x_hd.o(.text)
    SPI1_IRQHandler                          0x080001e7   Thumb Code     0  startup_stm32f10x_hd.o(.text)
    SPI2_IRQHandler                          0x080001e7   Thumb Code     0  startup_stm32f10x_hd.o(.text)
    SPI3_IRQHandler                          0x080001e7   Thumb Code     0  startup_stm32f10x_hd.o(.text)
    TAMPER_IRQHandler                        0x080001e7   Thumb Code     0  startup_stm32f10x_hd.o(.text)
    TIM1_BRK_IRQHandler                      0x080001e7   Thumb Code     0  startup_stm32f10x_hd.o(.text)
    TIM1_CC_IRQHandler                       0x080001e7   Thumb Code     0  startup_stm32f10x_hd.o(.text)
    TIM1_TRG_COM_IRQHandler                  0x080001e7   Thumb Code     0  startup_stm32f10x_hd.o(.text)
    TIM1_UP_IRQHandler                       0x080001e7   Thumb Code     0  startup_stm32f10x_hd.o(.text)
    TIM2_IRQHandler                          0x080001e7   Thumb Code     0  startup_stm32f10x_hd.o(.text)
    TIM3_IRQHandler                          0x080001e7   Thumb Code     0  startup_stm32f10x_hd.o(.text)
    TIM4_IRQHandler                          0x080001e7   Thumb Code     0  startup_stm32f10x_hd.o(.text)
    TIM5_IRQHandler                          0x080001e7   Thumb Code     0  startup_stm32f10x_hd.o(.text)
    TIM6_IRQHandler                          0x080001e7   Thumb Code     0  startup_stm32f10x_hd.o(.text)
    TIM7_IRQHandler                          0x080001e7   Thumb Code     0  startup_stm32f10x_hd.o(.text)
    TIM8_BRK_IRQHandler                      0x080001e7   Thumb Code     0  startup_stm32f10x_hd.o(.text)
    TIM8_CC_IRQHandler                       0x080001e7   Thumb Code     0  startup_stm32f10x_hd.o(.text)
    TIM8_TRG_COM_IRQHandler                  0x080001e7   Thumb Code     0  startup_stm32f10x_hd.o(.text)
    TIM8_UP_IRQHandler                       0x080001e7   Thumb Code     0  startup_stm32f10x_hd.o(.text)
    UART4_IRQHandler                         0x080001e7   Thumb Code     0  startup_stm32f10x_hd.o(.text)
    UART5_IRQHandler                         0x080001e7   Thumb Code     0  startup_stm32f10x_hd.o(.text)
    USART1_IRQHandler                        0x080001e7   Thumb Code     0  startup_stm32f10x_hd.o(.text)
    USART2_IRQHandler                        0x080001e7   Thumb Code     0  startup_stm32f10x_hd.o(.text)
    USART3_IRQHandler                        0x080001e7   Thumb Code     0  startup_stm32f10x_hd.o(.text)
    USBWakeUp_IRQHandler                     0x080001e7   Thumb Code     0  startup_stm32f10x_hd.o(.text)
    USB_HP_CAN1_TX_IRQHandler                0x080001e7   Thumb Code     0  startup_stm32f10x_hd.o(.text)
    USB_LP_CAN1_RX0_IRQHandler               0x080001e7   Thumb Code     0  startup_stm32f10x_hd.o(.text)
    WWDG_IRQHandler                          0x080001e7   Thumb Code     0  startup_stm32f10x_hd.o(.text)
    __user_initial_stackheap                 0x080001e9   Thumb Code     0  startup_stm32f10x_hd.o(.text)
    OS_CPU_SR_Save                           0x0800020d   Thumb Code     0  os_cpu_a.o(.text)
    OS_CPU_SR_Restore                        0x08000215   Thumb Code     0  os_cpu_a.o(.text)
    OSStartHighRdy                           0x0800021b   Thumb Code     0  os_cpu_a.o(.text)
    OSCtxSw                                  0x08000243   Thumb Code     0  os_cpu_a.o(.text)
    OSIntCtxSw                               0x0800024d   Thumb Code     0  os_cpu_a.o(.text)
    PendSV_Handler                           0x08000257   Thumb Code     0  os_cpu_a.o(.text)
    __use_two_region_memory                  0x080002bd   Thumb Code     2  heapauxi.o(.text)
    __rt_heap_escrow$2region                 0x080002bf   Thumb Code     2  heapauxi.o(.text)
    __rt_heap_expand$2region                 0x080002c1   Thumb Code     2  heapauxi.o(.text)
    __user_setup_stackheap                   0x080002c3   Thumb Code    74  sys_stackheap_outer.o(.text)
    exit                                     0x0800030d   Thumb Code    18  exit.o(.text)
    __user_libspace                          0x08000321   Thumb Code     8  libspace.o(.text)
    __user_perproc_libspace                  0x08000321   Thumb Code     0  libspace.o(.text)
    __user_perthread_libspace                0x08000321   Thumb Code     0  libspace.o(.text)
    _sys_exit                                0x08000329   Thumb Code     8  sys_exit.o(.text)
    __I$use$semihosting                      0x08000335   Thumb Code     0  use_no_semi.o(.text)
    __use_no_semihosting_swi                 0x08000335   Thumb Code     2  use_no_semi.o(.text)
    App_TCBInitHook                          0x08000337   Thumb Code     2  app_hooks.o(i.App_TCBInitHook)
    __semihosting_library_function           0x08000337   Thumb Code     0  indicate_semi.o(.text)
    App_TaskCreateHook                       0x08000339   Thumb Code     2  app_hooks.o(i.App_TaskCreateHook)
    App_TaskDelHook                          0x0800033b   Thumb Code     2  app_hooks.o(i.App_TaskDelHook)
    App_TaskIdleHook                         0x0800033d   Thumb Code     2  app_hooks.o(i.App_TaskIdleHook)
    App_TaskReturnHook                       0x0800033f   Thumb Code     2  app_hooks.o(i.App_TaskReturnHook)
    App_TaskStatHook                         0x08000341   Thumb Code     2  app_hooks.o(i.App_TaskStatHook)
    App_TaskSwHook                           0x08000343   Thumb Code     2  app_hooks.o(i.App_TaskSwHook)
    App_TimeTickHook                         0x08000345   Thumb Code     2  app_hooks.o(i.App_TimeTickHook)
    BusFault_Handler                         0x08000347   Thumb Code     4  stm32f10x_it.o(i.BusFault_Handler)
    DebugMon_Handler                         0x0800034b   Thumb Code     2  stm32f10x_it.o(i.DebugMon_Handler)
    GPIO_Init                                0x0800034d   Thumb Code   278  stm32f10x_gpio.o(i.GPIO_Init)
    GPIO_ResetBits                           0x08000463   Thumb Code     4  stm32f10x_gpio.o(i.GPIO_ResetBits)
    GPIO_SetBits                             0x08000467   Thumb Code     4  stm32f10x_gpio.o(i.GPIO_SetBits)
    HardFault_Handler                        0x0800046b   Thumb Code     4  stm32f10x_it.o(i.HardFault_Handler)
    LED_GPIO_Config                          0x08000471   Thumb Code    90  bsp_led.o(i.LED_GPIO_Config)
    MemManage_Handler                        0x080004d1   Thumb Code     4  stm32f10x_it.o(i.MemManage_Handler)
    NMI_Handler                              0x080004d5   Thumb Code     2  stm32f10x_it.o(i.NMI_Handler)
    OSDebugInit                              0x080004d9   Thumb Code   118  os_dbg.o(i.OSDebugInit)
    OSEventNameSet                           0x08000635   Thumb Code    84  os_core.o(i.OSEventNameSet)
    OSInit                                   0x0800068d   Thumb Code    56  os_core.o(i.OSInit)
    OSInitHookBegin                          0x080006c5   Thumb Code    30  os_cpu_c.o(i.OSInitHookBegin)
    OSInitHookEnd                            0x080006f5   Thumb Code     2  os_cpu_c.o(i.OSInitHookEnd)
    OSIntEnter                               0x080006f9   Thumb Code    28  os_core.o(i.OSIntEnter)
    OSIntExit                                0x0800071d   Thumb Code   112  os_core.o(i.OSIntExit)
    OSMutexCreate                            0x080007ad   Thumb Code   138  os_mutex.o(i.OSMutexCreate)
    OSMutexPend                              0x08000849   Thumb Code   548  os_mutex.o(i.OSMutexPend)
    OSMutexPost                              0x08000a85   Thumb Code   186  os_mutex.o(i.OSMutexPost)
    OSSchedLock                              0x08000bd1   Thumb Code    50  os_core.o(i.OSSchedLock)
    OSSchedUnlock                            0x08000c11   Thumb Code    82  os_core.o(i.OSSchedUnlock)
    OSSemCreate                              0x08000c71   Thumb Code    72  os_sem.o(i.OSSemCreate)
    OSSemPend                                0x08000cc5   Thumb Code   228  os_sem.o(i.OSSemPend)
    OSSemPost                                0x08000db5   Thumb Code    88  os_sem.o(i.OSSemPost)
    OSStart                                  0x08000e0d   Thumb Code    48  os_core.o(i.OSStart)
    OSTCBInitHook                            0x08000e55   Thumb Code    12  os_cpu_c.o(i.OSTCBInitHook)
    OSTaskCreate                             0x08000e61   Thumb Code   148  os_task.o(i.OSTaskCreate)
    OSTaskCreateExt                          0x08000f01   Thumb Code   170  os_task.o(i.OSTaskCreateExt)
    OSTaskCreateHook                         0x08000fb9   Thumb Code    12  os_cpu_c.o(i.OSTaskCreateHook)
    OSTaskDel                                0x08000fc5   Thumb Code   306  os_task.o(i.OSTaskDel)
    OSTaskDelHook                            0x08001125   Thumb Code    12  os_cpu_c.o(i.OSTaskDelHook)
    OSTaskIdleHook                           0x08001131   Thumb Code     8  os_cpu_c.o(i.OSTaskIdleHook)
    OSTaskNameSet                            0x08001139   Thumb Code    98  os_task.o(i.OSTaskNameSet)
    OSTaskReturnHook                         0x080011a9   Thumb Code    12  os_cpu_c.o(i.OSTaskReturnHook)
    OSTaskStatHook                           0x080011b5   Thumb Code     8  os_cpu_c.o(i.OSTaskStatHook)
    OSTaskStkChk                             0x080011bd   Thumb Code   132  os_task.o(i.OSTaskStkChk)
    OSTaskStkInit                            0x08001249   Thumb Code   152  os_cpu_c.o(i.OSTaskStkInit)
    OSTaskSuspend                            0x080012e5   Thumb Code   152  os_task.o(i.OSTaskSuspend)
    OSTaskSwHook                             0x0800138d   Thumb Code     8  os_cpu_c.o(i.OSTaskSwHook)
    OSTimeDly                                0x08001395   Thumb Code   100  os_time.o(i.OSTimeDly)
    OSTimeDlyHMSM                            0x0800140d   Thumb Code    86  os_time.o(i.OSTimeDlyHMSM)
    OSTimeTick                               0x0800146d   Thumb Code   210  os_core.o(i.OSTimeTick)
    OSTimeTickHook                           0x08001559   Thumb Code    34  os_cpu_c.o(i.OSTimeTickHook)
    OSTmrSignal                              0x08001581   Thumb Code    16  os_tmr.o(i.OSTmrSignal)
    OSTmr_Init                               0x08001595   Thumb Code   168  os_tmr.o(i.OSTmr_Init)
    OS_Dummy                                 0x08001809   Thumb Code     2  os_core.o(i.OS_Dummy)
    OS_EventTaskRdy                          0x0800180d   Thumb Code   128  os_core.o(i.OS_EventTaskRdy)
    OS_EventTaskRemove                       0x0800189d   Thumb Code    42  os_core.o(i.OS_EventTaskRemove)
    OS_EventTaskRemoveMulti                  0x080018c7   Thumb Code    58  os_core.o(i.OS_EventTaskRemoveMulti)
    OS_EventTaskWait                         0x08001901   Thumb Code   112  os_core.o(i.OS_EventTaskWait)
    OS_EventWaitListInit                     0x0800197d   Thumb Code    28  os_core.o(i.OS_EventWaitListInit)
    OS_FlagInit                              0x08001999   Thumb Code    74  os_flag.o(i.OS_FlagInit)
    OS_FlagUnlink                            0x080019f1   Thumb Code    36  os_flag.o(i.OS_FlagUnlink)
    OS_MemClr                                0x08001c2d   Thumb Code    18  os_core.o(i.OS_MemClr)
    OS_MemInit                               0x08001c41   Thumb Code    74  os_mem.o(i.OS_MemInit)
    OS_QInit                                 0x08001c99   Thumb Code    72  os_q.o(i.OS_QInit)
    OS_Sched                                 0x08001ce9   Thumb Code    88  os_core.o(i.OS_Sched)
    OS_TCBInit                               0x08001d89   Thumb Code   280  os_core.o(i.OS_TCBInit)
    OS_TaskIdle                              0x08001ebd   Thumb Code    34  os_core.o(i.OS_TaskIdle)
    OS_TaskReturn                            0x08001ee5   Thumb Code    18  os_task.o(i.OS_TaskReturn)
    OS_TaskStat                              0x08001efd   Thumb Code   116  os_core.o(i.OS_TaskStat)
    OS_TaskStatStkChk                        0x08001f85   Thumb Code    54  os_core.o(i.OS_TaskStatStkChk)
    OS_TaskStkClr                            0x08001fc1   Thumb Code    26  os_task.o(i.OS_TaskStkClr)
    RCC_APB2PeriphClockCmd                   0x08001fdd   Thumb Code    26  stm32f10x_rcc.o(i.RCC_APB2PeriphClockCmd)
    RCC_GetClocksFreq                        0x08001ffd   Thumb Code   192  stm32f10x_rcc.o(i.RCC_GetClocksFreq)
    SVC_Handler                              0x080020d1   Thumb Code     2  stm32f10x_it.o(i.SVC_Handler)
    SysTick_Handler                          0x080021bd   Thumb Code    22  stm32f10x_it.o(i.SysTick_Handler)
    SysTick_Init                             0x080021d9   Thumb Code   106  stm32f10x_it.o(i.SysTick_Init)
    SystemInit                               0x08002259   Thumb Code    78  system_stm32f10x.o(i.SystemInit)
    UsageFault_Handler                       0x080022b9   Thumb Code     4  stm32f10x_it.o(i.UsageFault_Handler)
    led0_task                                0x080022bd   Thumb Code    80  main.o(i.led0_task)
    led1_task                                0x08002319   Thumb Code    34  main.o(i.led1_task)
    led2_task                                0x08002341   Thumb Code    76  main.o(i.led2_task)
    main                                     0x08002399   Thumb Code    68  main.o(i.main)
    OSDebugEn                                0x080023fc   Data           2  os_dbg.o(.constdata)
    OSEndiannessTest                         0x08002400   Data           4  os_dbg.o(.constdata)
    OSEventEn                                0x08002404   Data           2  os_dbg.o(.constdata)
    OSEventMax                               0x08002406   Data           2  os_dbg.o(.constdata)
    OSEventNameEn                            0x08002408   Data           2  os_dbg.o(.constdata)
    OSEventSize                              0x0800240a   Data           2  os_dbg.o(.constdata)
    OSEventTblSize                           0x0800240c   Data           2  os_dbg.o(.constdata)
    OSEventMultiEn                           0x0800240e   Data           2  os_dbg.o(.constdata)
    OSFlagEn                                 0x08002410   Data           2  os_dbg.o(.constdata)
    OSFlagGrpSize                            0x08002412   Data           2  os_dbg.o(.constdata)
    OSFlagNodeSize                           0x08002414   Data           2  os_dbg.o(.constdata)
    OSFlagWidth                              0x08002416   Data           2  os_dbg.o(.constdata)
    OSFlagMax                                0x08002418   Data           2  os_dbg.o(.constdata)
    OSFlagNameEn                             0x0800241a   Data           2  os_dbg.o(.constdata)
    OSLowestPrio                             0x0800241c   Data           2  os_dbg.o(.constdata)
    OSMboxEn                                 0x0800241e   Data           2  os_dbg.o(.constdata)
    OSMemEn                                  0x08002420   Data           2  os_dbg.o(.constdata)
    OSMemMax                                 0x08002422   Data           2  os_dbg.o(.constdata)
    OSMemNameEn                              0x08002424   Data           2  os_dbg.o(.constdata)
    OSMemSize                                0x08002426   Data           2  os_dbg.o(.constdata)
    OSMemTblSize                             0x08002428   Data           2  os_dbg.o(.constdata)
    OSMutexEn                                0x0800242a   Data           2  os_dbg.o(.constdata)
    OSPtrSize                                0x0800242c   Data           2  os_dbg.o(.constdata)
    OSQEn                                    0x0800242e   Data           2  os_dbg.o(.constdata)
    OSQMax                                   0x08002430   Data           2  os_dbg.o(.constdata)
    OSQSize                                  0x08002432   Data           2  os_dbg.o(.constdata)
    OSRdyTblSize                             0x08002434   Data           2  os_dbg.o(.constdata)
    OSSemEn                                  0x08002436   Data           2  os_dbg.o(.constdata)
    OSStkWidth                               0x08002438   Data           2  os_dbg.o(.constdata)
    OSTaskCreateEn                           0x0800243a   Data           2  os_dbg.o(.constdata)
    OSTaskCreateExtEn                        0x0800243c   Data           2  os_dbg.o(.constdata)
    OSTaskDelEn                              0x0800243e   Data           2  os_dbg.o(.constdata)
    OSTaskIdleStkSize                        0x08002440   Data           2  os_dbg.o(.constdata)
    OSTaskProfileEn                          0x08002442   Data           2  os_dbg.o(.constdata)
    OSTaskMax                                0x08002444   Data           2  os_dbg.o(.constdata)
    OSTaskNameEn                             0x08002446   Data           2  os_dbg.o(.constdata)
    OSTaskStatEn                             0x08002448   Data           2  os_dbg.o(.constdata)
    OSTaskStatStkSize                        0x0800244a   Data           2  os_dbg.o(.constdata)
    OSTaskStatStkChkEn                       0x0800244c   Data           2  os_dbg.o(.constdata)
    OSTaskSwHookEn                           0x0800244e   Data           2  os_dbg.o(.constdata)
    OSTCBPrioTblMax                          0x08002450   Data           2  os_dbg.o(.constdata)
    OSTCBSize                                0x08002452   Data           2  os_dbg.o(.constdata)
    OSTicksPerSec                            0x08002454   Data           2  os_dbg.o(.constdata)
    OSTimeTickHookEn                         0x08002456   Data           2  os_dbg.o(.constdata)
    OSVersionNbr                             0x08002458   Data           2  os_dbg.o(.constdata)
    OSTmrEn                                  0x0800245a   Data           2  os_dbg.o(.constdata)
    OSTmrCfgMax                              0x0800245c   Data           2  os_dbg.o(.constdata)
    OSTmrCfgNameEn                           0x0800245e   Data           2  os_dbg.o(.constdata)
    OSTmrCfgWheelSize                        0x08002460   Data           2  os_dbg.o(.constdata)
    OSTmrCfgTicksPerSec                      0x08002462   Data           2  os_dbg.o(.constdata)
    OSTmrSize                                0x08002464   Data           2  os_dbg.o(.constdata)
    OSTmrTblSize                             0x08002466   Data           2  os_dbg.o(.constdata)
    OSTmrWheelSize                           0x08002468   Data           2  os_dbg.o(.constdata)
    OSTmrWheelTblSize                        0x0800246a   Data           2  os_dbg.o(.constdata)
    OSDataSize                               0x0800246c   Data           2  os_dbg.o(.constdata)
    OSUnMapTbl                               0x0800246e   Data         256  os_core.o(.constdata)
    Region$$Table$$Base                      0x08002570   Number         0  anon$$obj.o(Region$$Table)
    Region$$Table$$Limit                     0x08002590   Number         0  anon$$obj.o(Region$$Table)
    err                                      0x20000000   Data           1  main.o(.data)
    msg_key                                  0x20000004   Data           4  main.o(.data)
    SystemCoreClock                          0x20000008   Data           4  system_stm32f10x.o(.data)
    AHBPrescTable                            0x2000000c   Data          16  system_stm32f10x.o(.data)
    usTicks                                  0x2000001c   Data           4  stm32f10x_it.o(.data)
    OS_CPU_ExceptStkBase                     0x20000034   Data           4  os_cpu_c.o(.data)
    OSCtxSwCtr                               0x2000003c   Data           4  os_core.o(.data)
    OSEventFreeList                          0x20000040   Data           4  os_core.o(.data)
    OSFlagFreeList                           0x20000044   Data           4  os_core.o(.data)
    OSCPUUsage                               0x20000048   Data           1  os_core.o(.data)
    OSIdleCtrMax                             0x2000004c   Data           4  os_core.o(.data)
    OSIdleCtrRun                             0x20000050   Data           4  os_core.o(.data)
    OSStatRdy                                0x20000054   Data           1  os_core.o(.data)
    OSIntNesting                             0x20000055   Data           1  os_core.o(.data)
    OSLockNesting                            0x20000056   Data           1  os_core.o(.data)
    OSPrioCur                                0x20000057   Data           1  os_core.o(.data)
    OSPrioHighRdy                            0x20000058   Data           1  os_core.o(.data)
    OSRdyGrp                                 0x20000059   Data           1  os_core.o(.data)
    OSRdyTbl                                 0x2000005a   Data           8  os_core.o(.data)
    OSRunning                                0x20000062   Data           1  os_core.o(.data)
    OSTaskCtr                                0x20000063   Data           1  os_core.o(.data)
    OSIdleCtr                                0x20000064   Data           4  os_core.o(.data)
    OSTCBCur                                 0x20000068   Data           4  os_core.o(.data)
    OSTCBFreeList                            0x2000006c   Data           4  os_core.o(.data)
    OSTCBHighRdy                             0x20000070   Data           4  os_core.o(.data)
    OSTCBList                                0x20000074   Data           4  os_core.o(.data)
    OSTickStepState                          0x20000078   Data           1  os_core.o(.data)
    OSMemFreeList                            0x2000007c   Data           4  os_core.o(.data)
    OSQFreeList                              0x20000080   Data           4  os_core.o(.data)
    OSTime                                   0x20000084   Data           4  os_core.o(.data)
    OSTmrFree                                0x20000088   Data           2  os_core.o(.data)
    OSTmrUsed                                0x2000008a   Data           2  os_core.o(.data)
    OSTmrTime                                0x2000008c   Data           4  os_core.o(.data)
    OSTmrSem                                 0x20000090   Data           4  os_core.o(.data)
    OSTmrSemSignal                           0x20000094   Data           4  os_core.o(.data)
    OSTmrFreeList                            0x20000098   Data           4  os_core.o(.data)
    LED0_TASK_STK                            0x2000009c   Data         256  main.o(.bss)
    LED1_TASK_STK                            0x2000019c   Data         256  main.o(.bss)
    LED2_TASK_STK                            0x2000029c   Data         256  main.o(.bss)
    OS_CPU_ExceptStk                         0x2000039c   Data         512  os_cpu_c.o(.bss)
    OSEventTbl                               0x2000059c   Data        4200  os_core.o(.bss)
    OSFlagTbl                                0x20001604   Data          80  os_core.o(.bss)
    OSTaskStatStk                            0x20001654   Data         512  os_core.o(.bss)
    OSTaskIdleStk                            0x20001854   Data         512  os_core.o(.bss)
    OSTCBPrioTbl                             0x20001a54   Data         256  os_core.o(.bss)
    OSTCBTbl                                 0x20001b54   Data        1936  os_core.o(.bss)
    OSMemTbl                                 0x200022e4   Data         120  os_core.o(.bss)
    OSQTbl                                   0x2000235c   Data          96  os_core.o(.bss)
    OSTmrTbl                                 0x200023bc   Data         640  os_core.o(.bss)
    OSTmrTaskStk                             0x2000263c   Data         512  os_core.o(.bss)
    OSTmrWheelTbl                            0x2000283c   Data          64  os_core.o(.bss)
    __libspace_start                         0x2000287c   Data          96  libspace.o(.bss)
    __temporary_stack_top$libspace           0x200028dc   Data           0  libspace.o(.bss)



==============================================================================

Memory Map of the image

  Image Entry point : 0x08000131

  Load Region LR_IROM1 (Base: 0x08000000, Size: 0x0000262c, Max: 0x00080000, ABSOLUTE)

    Execution Region ER_IROM1 (Base: 0x08000000, Size: 0x00002590, Max: 0x00080000, ABSOLUTE)

    Base Addr    Size         Type   Attr      Idx    E Section Name        Object

    0x08000000   0x00000130   Data   RO          299    RESET               startup_stm32f10x_hd.o
    0x08000130   0x00000008   Code   RO         4232  * !!!main             c_w.l(__main.o)
    0x08000138   0x00000034   Code   RO         4389    !!!scatter          c_w.l(__scatter.o)
    0x0800016c   0x0000001a   Code   RO         4391    !!handler_copy      c_w.l(__scatter_copy.o)
    0x08000186   0x00000002   PAD
    0x08000188   0x0000001c   Code   RO         4393    !!handler_zi        c_w.l(__scatter_zi.o)
    0x080001a4   0x00000002   Code   RO         4259    .ARM.Collect$$libinit$$00000000  c_w.l(libinit.o)
    0x080001a6   0x00000000   Code   RO         4266    .ARM.Collect$$libinit$$00000002  c_w.l(libinit2.o)
    0x080001a6   0x00000000   Code   RO         4268    .ARM.Collect$$libinit$$00000004  c_w.l(libinit2.o)
    0x080001a6   0x00000000   Code   RO         4271    .ARM.Collect$$libinit$$0000000A  c_w.l(libinit2.o)
    0x080001a6   0x00000000   Code   RO         4273    .ARM.Collect$$libinit$$0000000C  c_w.l(libinit2.o)
    0x080001a6   0x00000000   Code   RO         4275    .ARM.Collect$$libinit$$0000000E  c_w.l(libinit2.o)
    0x080001a6   0x00000000   Code   RO         4278    .ARM.Collect$$libinit$$00000011  c_w.l(libinit2.o)
    0x080001a6   0x00000000   Code   RO         4280    .ARM.Collect$$libinit$$00000013  c_w.l(libinit2.o)
    0x080001a6   0x00000000   Code   RO         4282    .ARM.Collect$$libinit$$00000015  c_w.l(libinit2.o)
    0x080001a6   0x00000000   Code   RO         4284    .ARM.Collect$$libinit$$00000017  c_w.l(libinit2.o)
    0x080001a6   0x00000000   Code   RO         4286    .ARM.Collect$$libinit$$00000019  c_w.l(libinit2.o)
    0x080001a6   0x00000000   Code   RO         4288    .ARM.Collect$$libinit$$0000001B  c_w.l(libinit2.o)
    0x080001a6   0x00000000   Code   RO         4290    .ARM.Collect$$libinit$$0000001D  c_w.l(libinit2.o)
    0x080001a6   0x00000000   Code   RO         4292    .ARM.Collect$$libinit$$0000001F  c_w.l(libinit2.o)
    0x080001a6   0x00000000   Code   RO         4294    .ARM.Collect$$libinit$$00000021  c_w.l(libinit2.o)
    0x080001a6   0x00000000   Code   RO         4296    .ARM.Collect$$libinit$$00000023  c_w.l(libinit2.o)
    0x080001a6   0x00000000   Code   RO         4298    .ARM.Collect$$libinit$$00000025  c_w.l(libinit2.o)
    0x080001a6   0x00000000   Code   RO         4302    .ARM.Collect$$libinit$$0000002C  c_w.l(libinit2.o)
    0x080001a6   0x00000000   Code   RO         4304    .ARM.Collect$$libinit$$0000002E  c_w.l(libinit2.o)
    0x080001a6   0x00000000   Code   RO         4306    .ARM.Collect$$libinit$$00000030  c_w.l(libinit2.o)
    0x080001a6   0x00000000   Code   RO         4308    .ARM.Collect$$libinit$$00000032  c_w.l(libinit2.o)
    0x080001a6   0x00000002   Code   RO         4309    .ARM.Collect$$libinit$$00000033  c_w.l(libinit2.o)
    0x080001a8   0x00000002   Code   RO         4329    .ARM.Collect$$libshutdown$$00000000  c_w.l(libshutdown.o)
    0x080001aa   0x00000000   Code   RO         4342    .ARM.Collect$$libshutdown$$00000002  c_w.l(libshutdown2.o)
    0x080001aa   0x00000000   Code   RO         4344    .ARM.Collect$$libshutdown$$00000004  c_w.l(libshutdown2.o)
    0x080001aa   0x00000000   Code   RO         4347    .ARM.Collect$$libshutdown$$00000007  c_w.l(libshutdown2.o)
    0x080001aa   0x00000000   Code   RO         4350    .ARM.Collect$$libshutdown$$0000000A  c_w.l(libshutdown2.o)
    0x080001aa   0x00000000   Code   RO         4352    .ARM.Collect$$libshutdown$$0000000C  c_w.l(libshutdown2.o)
    0x080001aa   0x00000000   Code   RO         4355    .ARM.Collect$$libshutdown$$0000000F  c_w.l(libshutdown2.o)
    0x080001aa   0x00000002   Code   RO         4356    .ARM.Collect$$libshutdown$$00000010  c_w.l(libshutdown2.o)
    0x080001ac   0x00000000   Code   RO         4234    .ARM.Collect$$rtentry$$00000000  c_w.l(__rtentry.o)
    0x080001ac   0x00000000   Code   RO         4236    .ARM.Collect$$rtentry$$00000002  c_w.l(__rtentry2.o)
    0x080001ac   0x00000006   Code   RO         4248    .ARM.Collect$$rtentry$$00000004  c_w.l(__rtentry4.o)
    0x080001b2   0x00000000   Code   RO         4238    .ARM.Collect$$rtentry$$00000009  c_w.l(__rtentry2.o)
    0x080001b2   0x00000004   Code   RO         4239    .ARM.Collect$$rtentry$$0000000A  c_w.l(__rtentry2.o)
    0x080001b6   0x00000000   Code   RO         4241    .ARM.Collect$$rtentry$$0000000C  c_w.l(__rtentry2.o)
    0x080001b6   0x00000008   Code   RO         4242    .ARM.Collect$$rtentry$$0000000D  c_w.l(__rtentry2.o)
    0x080001be   0x00000002   Code   RO         4263    .ARM.Collect$$rtexit$$00000000  c_w.l(rtexit.o)
    0x080001c0   0x00000000   Code   RO         4311    .ARM.Collect$$rtexit$$00000002  c_w.l(rtexit2.o)
    0x080001c0   0x00000004   Code   RO         4312    .ARM.Collect$$rtexit$$00000003  c_w.l(rtexit2.o)
    0x080001c4   0x00000006   Code   RO         4313    .ARM.Collect$$rtexit$$00000004  c_w.l(rtexit2.o)
    0x080001ca   0x00000002   PAD
    0x080001cc   0x00000040   Code   RO          300    .text               startup_stm32f10x_hd.o
    0x0800020c   0x000000b0   Code   RO         3283    .text               os_cpu_a.o
    0x080002bc   0x00000006   Code   RO         4230    .text               c_w.l(heapauxi.o)
    0x080002c2   0x0000004a   Code   RO         4250    .text               c_w.l(sys_stackheap_outer.o)
    0x0800030c   0x00000012   Code   RO         4252    .text               c_w.l(exit.o)
    0x0800031e   0x00000002   PAD
    0x08000320   0x00000008   Code   RO         4260    .text               c_w.l(libspace.o)
    0x08000328   0x0000000c   Code   RO         4321    .text               c_w.l(sys_exit.o)
    0x08000334   0x00000002   Code   RO         4332    .text               c_w.l(use_no_semi.o)
    0x08000336   0x00000000   Code   RO         4334    .text               c_w.l(indicate_semi.o)
    0x08000336   0x00000002   Code   RO         3384    i.App_TCBInitHook   app_hooks.o
    0x08000338   0x00000002   Code   RO         3385    i.App_TaskCreateHook  app_hooks.o
    0x0800033a   0x00000002   Code   RO         3386    i.App_TaskDelHook   app_hooks.o
    0x0800033c   0x00000002   Code   RO         3387    i.App_TaskIdleHook  app_hooks.o
    0x0800033e   0x00000002   Code   RO         3388    i.App_TaskReturnHook  app_hooks.o
    0x08000340   0x00000002   Code   RO         3389    i.App_TaskStatHook  app_hooks.o
    0x08000342   0x00000002   Code   RO         3390    i.App_TaskSwHook    app_hooks.o
    0x08000344   0x00000002   Code   RO         3391    i.App_TimeTickHook  app_hooks.o
    0x08000346   0x00000004   Code   RO          227    i.BusFault_Handler  stm32f10x_it.o
    0x0800034a   0x00000002   Code   RO          228    i.DebugMon_Handler  stm32f10x_it.o
    0x0800034c   0x00000116   Code   RO         1455    i.GPIO_Init         stm32f10x_gpio.o
    0x08000462   0x00000004   Code   RO         1462    i.GPIO_ResetBits    stm32f10x_gpio.o
    0x08000466   0x00000004   Code   RO         1463    i.GPIO_SetBits      stm32f10x_gpio.o
    0x0800046a   0x00000004   Code   RO          229    i.HardFault_Handler  stm32f10x_it.o
    0x0800046e   0x00000002   PAD
    0x08000470   0x00000060   Code   RO         3271    i.LED_GPIO_Config   bsp_led.o
    0x080004d0   0x00000004   Code   RO          230    i.MemManage_Handler  stm32f10x_it.o
    0x080004d4   0x00000002   Code   RO          231    i.NMI_Handler       stm32f10x_it.o
    0x080004d6   0x00000002   PAD
    0x080004d8   0x0000015c   Code   RO         3369    i.OSDebugInit       os_dbg.o
    0x08000634   0x00000058   Code   RO         3439    i.OSEventNameSet    os_core.o
    0x0800068c   0x00000038   Code   RO         3441    i.OSInit            os_core.o
    0x080006c4   0x00000030   Code   RO         3286    i.OSInitHookBegin   os_cpu_c.o
    0x080006f4   0x00000002   Code   RO         3287    i.OSInitHookEnd     os_cpu_c.o
    0x080006f6   0x00000002   PAD
    0x080006f8   0x00000024   Code   RO         3442    i.OSIntEnter        os_core.o
    0x0800071c   0x00000090   Code   RO         3443    i.OSIntExit         os_core.o
    0x080007ac   0x0000009c   Code   RO         3834    i.OSMutexCreate     os_mutex.o
    0x08000848   0x0000023c   Code   RO         3836    i.OSMutexPend       os_mutex.o
    0x08000a84   0x000000c8   Code   RO         3837    i.OSMutexPost       os_mutex.o
    0x08000b4c   0x00000084   Code   RO         3839    i.OSMutex_RdyAtPrio  os_mutex.o
    0x08000bd0   0x00000040   Code   RO         3444    i.OSSchedLock       os_core.o
    0x08000c10   0x00000060   Code   RO         3445    i.OSSchedUnlock     os_core.o
    0x08000c70   0x00000054   Code   RO         3953    i.OSSemCreate       os_sem.o
    0x08000cc4   0x000000f0   Code   RO         3955    i.OSSemPend         os_sem.o
    0x08000db4   0x00000058   Code   RO         3957    i.OSSemPost         os_sem.o
    0x08000e0c   0x00000048   Code   RO         3446    i.OSStart           os_core.o
    0x08000e54   0x0000000c   Code   RO         3288    i.OSTCBInitHook     os_cpu_c.o
    0x08000e60   0x000000a0   Code   RO         4007    i.OSTaskCreate      os_task.o
    0x08000f00   0x000000b8   Code   RO         4008    i.OSTaskCreateExt   os_task.o
    0x08000fb8   0x0000000c   Code   RO         3289    i.OSTaskCreateHook  os_cpu_c.o
    0x08000fc4   0x00000160   Code   RO         4009    i.OSTaskDel         os_task.o
    0x08001124   0x0000000c   Code   RO         3290    i.OSTaskDelHook     os_cpu_c.o
    0x08001130   0x00000008   Code   RO         3291    i.OSTaskIdleHook    os_cpu_c.o
    0x08001138   0x00000070   Code   RO         4012    i.OSTaskNameSet     os_task.o
    0x080011a8   0x0000000c   Code   RO         3292    i.OSTaskReturnHook  os_cpu_c.o
    0x080011b4   0x00000008   Code   RO         3293    i.OSTaskStatHook    os_cpu_c.o
    0x080011bc   0x0000008c   Code   RO         4017    i.OSTaskStkChk      os_task.o
    0x08001248   0x0000009c   Code   RO         3294    i.OSTaskStkInit     os_cpu_c.o
    0x080012e4   0x000000a8   Code   RO         4018    i.OSTaskSuspend     os_task.o
    0x0800138c   0x00000008   Code   RO         3295    i.OSTaskSwHook      os_cpu_c.o
    0x08001394   0x00000078   Code   RO         4102    i.OSTimeDly         os_time.o
    0x0800140c   0x00000060   Code   RO         4103    i.OSTimeDlyHMSM     os_time.o
    0x0800146c   0x000000ec   Code   RO         3448    i.OSTimeTick        os_core.o
    0x08001558   0x00000028   Code   RO         3296    i.OSTimeTickHook    os_cpu_c.o
    0x08001580   0x00000014   Code   RO         4142    i.OSTmrSignal       os_tmr.o
    0x08001594   0x000000f4   Code   RO         4148    i.OSTmr_Init        os_tmr.o
    0x08001688   0x00000050   Code   RO         4149    i.OSTmr_InitTask    os_tmr.o
    0x080016d8   0x0000006c   Code   RO         4150    i.OSTmr_Link        os_tmr.o
    0x08001744   0x00000080   Code   RO         4151    i.OSTmr_Task        os_tmr.o
    0x080017c4   0x00000044   Code   RO         4152    i.OSTmr_Unlink      os_tmr.o
    0x08001808   0x00000002   Code   RO         3450    i.OS_Dummy          os_core.o
    0x0800180a   0x00000002   PAD
    0x0800180c   0x00000090   Code   RO         3451    i.OS_EventTaskRdy   os_core.o
    0x0800189c   0x0000002a   Code   RO         3452    i.OS_EventTaskRemove  os_core.o
    0x080018c6   0x0000003a   Code   RO         3453    i.OS_EventTaskRemoveMulti  os_core.o
    0x08001900   0x0000007c   Code   RO         3454    i.OS_EventTaskWait  os_core.o
    0x0800197c   0x0000001c   Code   RO         3456    i.OS_EventWaitListInit  os_core.o
    0x08001998   0x00000058   Code   RO         3659    i.OS_FlagInit       os_flag.o
    0x080019f0   0x00000024   Code   RO         3661    i.OS_FlagUnlink     os_flag.o
    0x08001a14   0x00000060   Code   RO         3457    i.OS_InitEventList  os_core.o
    0x08001a74   0x00000054   Code   RO         3458    i.OS_InitMisc       os_core.o
    0x08001ac8   0x00000044   Code   RO         3459    i.OS_InitRdyList    os_core.o
    0x08001b0c   0x00000080   Code   RO         3460    i.OS_InitTCBList    os_core.o
    0x08001b8c   0x00000050   Code   RO         3461    i.OS_InitTaskIdle   os_core.o
    0x08001bdc   0x00000050   Code   RO         3462    i.OS_InitTaskStat   os_core.o
    0x08001c2c   0x00000012   Code   RO         3463    i.OS_MemClr         os_core.o
    0x08001c3e   0x00000002   PAD
    0x08001c40   0x00000058   Code   RO         3791    i.OS_MemInit        os_mem.o
    0x08001c98   0x00000050   Code   RO         3890    i.OS_QInit          os_q.o
    0x08001ce8   0x00000074   Code   RO         3465    i.OS_Sched          os_core.o
    0x08001d5c   0x0000002c   Code   RO         3466    i.OS_SchedNew       os_core.o
    0x08001d88   0x00000134   Code   RO         3468    i.OS_TCBInit        os_core.o
    0x08001ebc   0x00000028   Code   RO         3469    i.OS_TaskIdle       os_core.o
    0x08001ee4   0x00000018   Code   RO         4019    i.OS_TaskReturn     os_task.o
    0x08001efc   0x00000088   Code   RO         3470    i.OS_TaskStat       os_core.o
    0x08001f84   0x0000003c   Code   RO         3471    i.OS_TaskStatStkChk  os_core.o
    0x08001fc0   0x0000001a   Code   RO         4020    i.OS_TaskStkClr     os_task.o
    0x08001fda   0x00000002   PAD
    0x08001fdc   0x00000020   Code   RO         1873    i.RCC_APB2PeriphClockCmd  stm32f10x_rcc.o
    0x08001ffc   0x000000d4   Code   RO         1881    i.RCC_GetClocksFreq  stm32f10x_rcc.o
    0x080020d0   0x00000002   Code   RO          232    i.SVC_Handler       stm32f10x_it.o
    0x080020d2   0x00000008   Code   RO          163    i.SetSysClock       system_stm32f10x.o
    0x080020da   0x00000002   PAD
    0x080020dc   0x000000e0   Code   RO          164    i.SetSysClockTo72   system_stm32f10x.o
    0x080021bc   0x0000001c   Code   RO          233    i.SysTick_Handler   stm32f10x_it.o
    0x080021d8   0x00000080   Code   RO          234    i.SysTick_Init      stm32f10x_it.o
    0x08002258   0x00000060   Code   RO          166    i.SystemInit        system_stm32f10x.o
    0x080022b8   0x00000004   Code   RO          235    i.UsageFault_Handler  stm32f10x_it.o
    0x080022bc   0x0000005c   Code   RO            2    i.led0_task         main.o
    0x08002318   0x00000028   Code   RO            3    i.led1_task         main.o
    0x08002340   0x00000058   Code   RO            4    i.led2_task         main.o
    0x08002398   0x00000064   Code   RO            5    i.main              main.o
    0x080023fc   0x00000072   Data   RO         3370    .constdata          os_dbg.o
    0x0800246e   0x00000100   Data   RO         3473    .constdata          os_core.o
    0x0800256e   0x00000002   PAD
    0x08002570   0x00000020   Data   RO         4387    Region$$Table       anon$$obj.o


    Execution Region RW_IRAM1 (Base: 0x20000000, Size: 0x00002ee0, Max: 0x00010000, ABSOLUTE)

    Base Addr    Size         Type   Attr      Idx    E Section Name        Object

    0x20000000   0x00000008   Data   RW            7    .data               main.o
    0x20000008   0x00000014   Data   RW          167    .data               system_stm32f10x.o
    0x2000001c   0x00000004   Data   RW          236    .data               stm32f10x_it.o
    0x20000020   0x00000014   Data   RW         1901    .data               stm32f10x_rcc.o
    0x20000034   0x00000006   Data   RW         3298    .data               os_cpu_c.o
    0x2000003a   0x00000002   PAD
    0x2000003c   0x00000060   Data   RW         3474    .data               os_core.o
    0x2000009c   0x00000300   Zero   RW            6    .bss                main.o
    0x2000039c   0x00000200   Zero   RW         3297    .bss                os_cpu_c.o
    0x2000059c   0x000022e0   Zero   RW         3472    .bss                os_core.o
    0x2000287c   0x00000060   Zero   RW         4261    .bss                c_w.l(libspace.o)
    0x200028dc   0x00000004   PAD
    0x200028e0   0x00000200   Zero   RW          298    HEAP                startup_stm32f10x_hd.o
    0x20002ae0   0x00000400   Zero   RW          297    STACK               startup_stm32f10x_hd.o


==============================================================================

Image component sizes


      Code (inc. data)   RO Data    RW Data    ZI Data      Debug   Object Name

        16          0          0          0          0       3484   app_hooks.o
        96          6          0          0          0        514   bsp_led.o
         0          0          0          0          0         32   core_cm3.o
       320         62          0          8        768     237282   main.o
      2448        414        256         96       8928      24949   os_core.o
       176         36          0          0          0        328   os_cpu_a.o
       318         28          0          6        512      15341   os_cpu_c.o
       348        230        114          0          0       3397   os_dbg.o
       124         14          0          0          0       1218   os_flag.o
        88         14          0          0          0        545   os_mem.o
      1060         74          0          0          0       3900   os_mutex.o
        80          8          0          0          0        571   os_q.o
       412         24          0          0          0       2482   os_sem.o
      1166        116          0          0          0       6860   os_task.o
       216         30          0          0          0       1416   os_time.o
       648        138          0          0          0       3923   os_tmr.o
        64         26        304          0       1536        900   startup_stm32f10x_hd.o
       286          0          0          0          0       3236   stm32f10x_gpio.o
       178         28          0          4          0      19953   stm32f10x_it.o
       244         26          0         20          0       4061   stm32f10x_rcc.o
       328         28          0         20          0       2613   system_stm32f10x.o

    ----------------------------------------------------------------------
      8630       1302        708        156      11744     337005   Object Totals
         0          0         32          0          0          0   (incl. Generated)
        14          0          2          2          0          0   (incl. Padding)

    ----------------------------------------------------------------------

      Code (inc. data)   RO Data    RW Data    ZI Data      Debug   Library Member Name

         8          0          0          0          0         68   __main.o
         0          0          0          0          0          0   __rtentry.o
        12          0          0          0          0          0   __rtentry2.o
         6          0          0          0          0          0   __rtentry4.o
        52          8          0          0          0          0   __scatter.o
        26          0          0          0          0          0   __scatter_copy.o
        28          0          0          0          0          0   __scatter_zi.o
        18          0          0          0          0         80   exit.o
         6          0          0          0          0        152   heapauxi.o
         0          0          0          0          0          0   indicate_semi.o
         2          0          0          0          0          0   libinit.o
         2          0          0          0          0          0   libinit2.o
         2          0          0          0          0          0   libshutdown.o
         2          0          0          0          0          0   libshutdown2.o
         8          4          0          0         96         68   libspace.o
         2          0          0          0          0          0   rtexit.o
        10          0          0          0          0          0   rtexit2.o
        12          4          0          0          0         68   sys_exit.o
        74          0          0          0          0         80   sys_stackheap_outer.o
         2          0          0          0          0         68   use_no_semi.o

    ----------------------------------------------------------------------
       278         16          0          0        100        584   Library Totals
         6          0          0          0          4          0   (incl. Padding)

    ----------------------------------------------------------------------

      Code (inc. data)   RO Data    RW Data    ZI Data      Debug   Library Name

       272         16          0          0         96        584   c_w.l

    ----------------------------------------------------------------------
       278         16          0          0        100        584   Library Totals

    ----------------------------------------------------------------------

==============================================================================


      Code (inc. data)   RO Data    RW Data    ZI Data      Debug   

      8908       1318        708        156      11844     332697   Grand Totals
      8908       1318        708        156      11844     332697   ELF Image Totals
      8908       1318        708        156          0          0   ROM Totals

==============================================================================

    Total RO  Size (Code + RO Data)                 9616 (   9.39kB)
    Total RW  Size (RW Data + ZI Data)             12000 (  11.72kB)
    Total ROM Size (Code + RO Data + RW Data)       9772 (   9.54kB)

==============================================================================

